Component: ARM Compiler 5.06 update 5 (build 528) Tool: armlink [4d35e2]

==============================================================================

Section Cross References

    startup_stm32f4xx.o(STACK) refers (Special) to heapauxi.o(.text) for __use_two_region_memory
    startup_stm32f4xx.o(HEAP) refers (Special) to heapauxi.o(.text) for __use_two_region_memory
    startup_stm32f4xx.o(RESET) refers (Special) to heapauxi.o(.text) for __use_two_region_memory
    startup_stm32f4xx.o(RESET) refers to startup_stm32f4xx.o(STACK) for __initial_sp
    startup_stm32f4xx.o(RESET) refers to startup_stm32f4xx.o(.text) for Reset_Handler
    startup_stm32f4xx.o(RESET) refers to stm32f4xx_it.o(i.NMI_Handler) for NMI_Handler
    startup_stm32f4xx.o(RESET) refers to stm32f4xx_it.o(i.HardFault_Handler) for HardFault_Handler
    startup_stm32f4xx.o(RESET) refers to stm32f4xx_it.o(i.MemManage_Handler) for MemManage_Handler
    startup_stm32f4xx.o(RESET) refers to stm32f4xx_it.o(i.BusFault_Handler) for BusFault_Handler
    startup_stm32f4xx.o(RESET) refers to stm32f4xx_it.o(i.UsageFault_Handler) for UsageFault_Handler
    startup_stm32f4xx.o(RESET) refers to stm32f4xx_it.o(i.SVC_Handler) for SVC_Handler
    startup_stm32f4xx.o(RESET) refers to stm32f4xx_it.o(i.DebugMon_Handler) for DebugMon_Handler
    startup_stm32f4xx.o(RESET) refers to stm32f4xx_it.o(i.PendSV_Handler) for PendSV_Handler
    startup_stm32f4xx.o(RESET) refers to stm32f4xx_it.o(i.SysTick_Handler) for SysTick_Handler
    startup_stm32f4xx.o(RESET) refers to stm32f4xx_it.o(i.TIM1_UP_TIM10_IRQHandler) for TIM1_UP_TIM10_IRQHandler
    startup_stm32f4xx.o(RESET) refers to stm32f4xx_it.o(i.USART2_IRQHandler) for USART2_IRQHandler
    startup_stm32f4xx.o(.text) refers (Special) to heapauxi.o(.text) for __use_two_region_memory
    startup_stm32f4xx.o(.text) refers to system_stm32f4xx.o(i.SystemInit) for SystemInit
    startup_stm32f4xx.o(.text) refers to __main.o(!!!main) for __main
    startup_stm32f4xx.o(.text) refers to startup_stm32f4xx.o(HEAP) for Heap_Mem
    startup_stm32f4xx.o(.text) refers to startup_stm32f4xx.o(STACK) for Stack_Mem
    main.o(i.HAL_TIM_PeriodElapsedCallback) refers to key.o(i.key_loop) for key_loop
    main.o(i.HAL_TIM_PeriodElapsedCallback) refers to stm32f4xx_hal_gpio.o(i.HAL_GPIO_WritePin) for HAL_GPIO_WritePin
    main.o(i.HAL_TIM_PeriodElapsedCallback) refers to stm32f4xx_hal_uart.o(i.HAL_UART_Receive_IT) for HAL_UART_Receive_IT
    main.o(i.HAL_TIM_PeriodElapsedCallback) refers to stm32f4xx_hal_gpio.o(i.HAL_GPIO_TogglePin) for HAL_GPIO_TogglePin
    main.o(i.HAL_TIM_PeriodElapsedCallback) refers to main.o(.data) for .data
    main.o(i.HAL_TIM_PeriodElapsedCallback) refers to usart.o(.bss) for huart2
    main.o(i.HAL_UART_RxCpltCallback) refers to stm32f4xx_hal_uart.o(i.HAL_UART_Receive_IT) for HAL_UART_Receive_IT
    main.o(i.HAL_UART_RxCpltCallback) refers to main.o(.data) for .data
    main.o(i.HAL_UART_RxCpltCallback) refers to usart.o(.bss) for huart2
    main.o(i.SystemClock_Config) refers to rt_memclr_w.o(.text) for __aeabi_memclr4
    main.o(i.SystemClock_Config) refers to stm32f4xx_hal_rcc.o(i.HAL_RCC_OscConfig) for HAL_RCC_OscConfig
    main.o(i.SystemClock_Config) refers to stm32f4xx_hal_rcc.o(i.HAL_RCC_ClockConfig) for HAL_RCC_ClockConfig
    main.o(i.main) refers to stm32f4xx_hal.o(i.HAL_Init) for HAL_Init
    main.o(i.main) refers to main.o(i.SystemClock_Config) for SystemClock_Config
    main.o(i.main) refers to gpio.o(i.MX_GPIO_Init) for MX_GPIO_Init
    main.o(i.main) refers to tim.o(i.MX_TIM1_Init) for MX_TIM1_Init
    main.o(i.main) refers to tim.o(i.MX_TIM2_Init) for MX_TIM2_Init
    main.o(i.main) refers to tim.o(i.MX_TIM3_Init) for MX_TIM3_Init
    main.o(i.main) refers to usart.o(i.MX_USART2_UART_Init) for MX_USART2_UART_Init
    main.o(i.main) refers to i2c.o(i.MX_I2C1_Init) for MX_I2C1_Init
    main.o(i.main) refers to usart.o(i.MX_USART1_UART_Init) for MX_USART1_UART_Init
    main.o(i.main) refers to stm32f4xx_hal_tim.o(i.HAL_TIM_Base_Start_IT) for HAL_TIM_Base_Start_IT
    main.o(i.main) refers to oled.o(i.OLED_Init) for OLED_Init
    main.o(i.main) refers to oled.o(i.OLED_Clear) for OLED_Clear
    main.o(i.main) refers to servo.o(i.pwm_start) for pwm_start
    main.o(i.main) refers to servo.o(i.servo_reset) for servo_reset
    main.o(i.main) refers to stm32f4xx_hal_uart.o(i.HAL_UART_Receive_IT) for HAL_UART_Receive_IT
    main.o(i.main) refers to servo.o(i.servo_pid) for servo_pid
    main.o(i.main) refers to tim.o(.bss) for htim1
    main.o(i.main) refers to main.o(.data) for .data
    main.o(i.main) refers to usart.o(.bss) for huart2
    gpio.o(i.MX_GPIO_Init) refers to rt_memclr_w.o(.text) for __aeabi_memclr4
    gpio.o(i.MX_GPIO_Init) refers to stm32f4xx_hal_gpio.o(i.HAL_GPIO_WritePin) for HAL_GPIO_WritePin
    gpio.o(i.MX_GPIO_Init) refers to stm32f4xx_hal_gpio.o(i.HAL_GPIO_Init) for HAL_GPIO_Init
[...]
    RESET                                    0x08000000   Section      392  startup_stm32f4xx.o(RESET)
    !!!main                                  0x08000188   Section        8  __main.o(!!!main)
    !!!scatter                               0x08000190   Section       52  __scatter.o(!!!scatter)
    !!handler_copy                           0x080001c4   Section       26  __scatter_copy.o(!!handler_copy)
    !!handler_zi                             0x080001e0   Section       28  __scatter_zi.o(!!handler_zi)
    .ARM.Collect$$libinit$$00000000          0x080001fc   Section        2  libinit.o(.ARM.Collect$$libinit$$00000000)
    .ARM.Collect$$libinit$$00000001          0x080001fe   Section        4  libinit2.o(.ARM.Collect$$libinit$$00000001)
    .ARM.Collect$$libinit$$00000004          0x08000202   Section        0  libinit2.o(.ARM.Collect$$libinit$$00000004)
    .ARM.Collect$$libinit$$0000000A          0x08000202   Section        0  libinit2.o(.ARM.Collect$$libinit$$0000000A)
    .ARM.Collect$$libinit$$0000000C          0x08000202   Section        0  libinit2.o(.ARM.Collect$$libinit$$0000000C)
    .ARM.Collect$$libinit$$0000000E          0x08000202   Section        0  libinit2.o(.ARM.Collect$$libinit$$0000000E)
    .ARM.Collect$$libinit$$00000011          0x08000202   Section        0  libinit2.o(.ARM.Collect$$libinit$$00000011)
    .ARM.Collect$$libinit$$00000013          0x08000202   Section        0  libinit2.o(.ARM.Collect$$libinit$$00000013)
    .ARM.Collect$$libinit$$00000015          0x08000202   Section        0  libinit2.o(.ARM.Collect$$libinit$$00000015)
    .ARM.Collect$$libinit$$00000017          0x08000202   Section        0  libinit2.o(.ARM.Collect$$libinit$$00000017)
    .ARM.Collect$$libinit$$00000019          0x08000202   Section        0  libinit2.o(.ARM.Collect$$libinit$$00000019)
    .ARM.Collect$$libinit$$0000001B          0x08000202   Section        0  libinit2.o(.ARM.Collect$$libinit$$0000001B)
    .ARM.Collect$$libinit$$0000001D          0x08000202   Section        0  libinit2.o(.ARM.Collect$$libinit$$0000001D)
    .ARM.Collect$$libinit$$0000001F          0x08000202   Section        0  libinit2.o(.ARM.Collect$$libinit$$0000001F)
    .ARM.Collect$$libinit$$00000021          0x08000202   Section        0  libinit2.o(.ARM.Collect$$libinit$$00000021)
    .ARM.Collect$$libinit$$00000023          0x08000202   Section        0  libinit2.o(.ARM.Collect$$libinit$$00000023)
    .ARM.Collect$$libinit$$00000025          0x08000202   Section        0  libinit2.o(.ARM.Collect$$libinit$$00000025)
    .ARM.Collect$$libinit$$0000002C          0x08000202   Section        0  libinit2.o(.ARM.Collect$$libinit$$0000002C)
    .ARM.Collect$$libinit$$0000002E          0x08000202   Section        0  libinit2.o(.ARM.Collect$$libinit$$0000002E)
    .ARM.Collect$$libinit$$00000030          0x08000202   Section        0  libinit2.o(.ARM.Collect$$libinit$$00000030)
    .ARM.Collect$$libinit$$00000032          0x08000202   Section        0  libinit2.o(.ARM.Collect$$libinit$$00000032)
    .ARM.Collect$$libinit$$00000033          0x08000202   Section        2  libinit2.o(.ARM.Collect$$libinit$$00000033)
    .ARM.Collect$$libshutdown$$00000000      0x08000204   Section        2  libshutdown.o(.ARM.Collect$$libshutdown$$00000000)
    .ARM.Collect$$libshutdown$$00000002      0x08000206   Section        0  libshutdown2.o(.ARM.Collect$$libshutdown$$00000002)
    .ARM.Collect$$libshutdown$$00000004      0x08000206   Section        0  libshutdown2.o(.ARM.Collect$$libshutdown$$00000004)
    .ARM.Collect$$libshutdown$$00000007      0x08000206   Section        0  libshutdown2.o(.ARM.Collect$$libshutdown$$00000007)
    .ARM.Collect$$libshutdown$$0000000A      0x08000206   Section        0  libshutdown2.o(.ARM.Collect$$libshutdown$$0000000A)
    .ARM.Collect$$libshutdown$$0000000C      0x08000206   Section        0  libshutdown2.o(.ARM.Collect$$libshutdown$$0000000C)
    .ARM.Collect$$libshutdown$$0000000F      0x08000206   Section        0  libshutdown2.o(.ARM.Collect$$libshutdown$$0000000F)
    .ARM.Collect$$libshutdown$$00000010      0x08000206   Section        2  libshutdown2.o(.ARM.Collect$$libshutdown$$00000010)
    .ARM.Collect$$rtentry$$00000000          0x08000208   Section        0  __rtentry.o(.ARM.Collect$$rtentry$$00000000)
    .ARM.Collect$$rtentry$$00000002          0x08000208   Section        0  __rtentry2.o(.ARM.Collect$$rtentry$$00000002)
    .ARM.Collect$$rtentry$$00000004          0x08000208   Section        6  __rtentry4.o(.ARM.Collect$$rtentry$$00000004)
    .ARM.Collect$$rtentry$$00000009          0x0800020e   Section        0  __rtentry2.o(.ARM.Collect$$rtentry$$00000009)
    .ARM.Collect$$rtentry$$0000000A          0x0800020e   Section        4  __rtentry2.o(.ARM.Collect$$rtentry$$0000000A)
    .ARM.Collect$$rtentry$$0000000C          0x08000212   Section        0  __rtentry2.o(.ARM.Collect$$rtentry$$0000000C)
    .ARM.Collect$$rtentry$$0000000D          0x08000212   Section        8  __rtentry2.o(.ARM.Collect$$rtentry$$0000000D)
    .ARM.Collect$$rtexit$$00000000           0x0800021a   Section        2  rtexit.o(.ARM.Collect$$rtexit$$00000000)
    .ARM.Collect$$rtexit$$00000002           0x0800021c   Section        0  rtexit2.o(.ARM.Collect$$rtexit$$00000002)
    .ARM.Collect$$rtexit$$00000003           0x0800021c   Section        4  rtexit2.o(.ARM.Collect$$rtexit$$00000003)
    .ARM.Collect$$rtexit$$00000004           0x08000220   Section        6  rtexit2.o(.ARM.Collect$$rtexit$$00000004)
    .text                                    0x08000228   Section       80  startup_stm32f4xx.o(.text)
    $v0                                      0x08000228   Number         0  startup_stm32f4xx.o(.text)
    .text                                    0x08000278   Section      238  lludivv7m.o(.text)
    .text                                    0x08000366   Section       78  rt_memclr_w.o(.text)
    .text                                    0x080003b4   Section        0  heapauxi.o(.text)
    .text                                    0x080003bc   Section        8  libspace.o(.text)
    .text                                    0x080003c4   Section       74  sys_stackheap_outer.o(.text)
    .text                                    0x0800040e   Section        0  exit.o(.text)
    .text                                    0x08000420   Section        2  use_no_semi.o(.text)
    .text                                    0x08000422   Section        0  indicate_semi.o(.text)
    .text                                    0x08000424   Section        0  sys_exit.o(.text)
    i.BusFault_Handler                       0x08000430   Section        0  stm32f4xx_it.o(i.BusFault_Handler)
    i.DebugMon_Handler                       0x08000432   Section        0  stm32f4xx_it.o(i.DebugMon_Handler)
    i.Error_Handler                          0x08000434   Section        0  main.o(i.Error_Handler)
    i.HAL_DMA_Abort                          0x08000438   Section        0  stm32f4xx_hal_dma.o(i.HAL_DMA_Abort)
    i.HAL_DMA_Abort_IT                       0x080004ca   Section        0  stm32f4xx_hal_dma.o(i.HAL_DMA_Abort_IT)
    i.HAL_Delay                              0x080004f0   Section        0  stm32f4xx_hal.o(i.HAL_Delay)
    i.HAL_GPIO_Init                          0x08000514   Section        0  stm32f4xx_hal_gpio.o(i.HAL_GPIO_Init)
    i.HAL_GPIO_ReadPin                       0x08000704   Section        0  stm32f4xx_hal_gpio.o(i.HAL_GPIO_ReadPin)
    i.HAL_GPIO_TogglePin                     0x0800070e   Section        0  stm32f4xx_hal_gpio.o(i.HAL_GPIO_TogglePin)
    i.HAL_GPIO_WritePin                      0x0800071e   Section        0  stm32f4xx_hal_gpio.o(i.HAL_GPIO_WritePin)
    i.HAL_GetTick                            0x08000728   Section        0  stm32f4xx_hal.o(i.HAL_GetTick)
    i.HAL_I2C_Init                           0x08000734   Section        0  stm32f4xx_hal_i2c.o(i.HAL_I2C_Init)
    i.HAL_I2C_Mem_Write                      0x080008bc   Section        0  stm32f4xx_hal_i2c.o(i.HAL_I2C_Mem_Write)
    i.HAL_I2C_MspInit                        0x080009ec   Section        0  i2c.o(i.HAL_I2C_MspInit)
    i.HAL_IncTick                            0x08000a54   Section        0  stm32f4xx_hal.o(i.HAL_IncTick)
    i.HAL_Init                               0x08000a64   Section        0  stm32f4xx_hal.o(i.HAL_Init)
    i.HAL_InitTick                           0x08000a98   Section        0  stm32f4xx_hal.o(i.HAL_InitTick)
    i.HAL_MspInit                            0x08000ad8   Section        0  stm32f4xx_hal_msp.o(i.HAL_MspInit)
    i.HAL_NVIC_EnableIRQ                     0x08000b08   Section        0  stm32f4xx_hal_cortex.o(i.HAL_NVIC_EnableIRQ)
    i.HAL_NVIC_SetPriority                   0x08000b24   Section        0  stm32f4xx_hal_cortex.o(i.HAL_NVIC_SetPriority)
    i.HAL_NVIC_SetPriorityGrouping           0x08000b64   Section        0  stm32f4xx_hal_cortex.o(i.HAL_NVIC_SetPriorityGrouping)
    i.HAL_RCC_ClockConfig                    0x08000b88   Section        0  stm32f4xx_hal_rcc.o(i.HAL_RCC_ClockConfig)
    i.HAL_RCC_GetPCLK1Freq                   0x08000cbc   Section        0  stm32f4xx_hal_rcc.o(i.HAL_RCC_GetPCLK1Freq)
    i.HAL_RCC_GetPCLK2Freq                   0x08000cdc   Section        0  stm32f4xx_hal_rcc.o(i.HAL_RCC_GetPCLK2Freq)
    i.HAL_RCC_GetSysClockFreq                0x08000cfc   Section        0  stm32f4xx_hal_rcc.o(i.HAL_RCC_GetSysClockFreq)
    i.HAL_RCC_OscConfig                      0x08000d5c   Section        0  stm32f4xx_hal_rcc.o(i.HAL_RCC_OscConfig)
    i.HAL_SYSTICK_Config                     0x080010c8   Section        0  stm32f4xx_hal_cortex.o(i.HAL_SYSTICK_Config)
    i.HAL_TIMEx_BreakCallback                0x080010f0   Section        0  stm32f4xx_hal_tim_ex.o(i.HAL_TIMEx_BreakCallback)
    i.HAL_TIMEx_CommutCallback               0x080010f2   Section        0  stm32f4xx_hal_tim_ex.o(i.HAL_TIMEx_CommutCallback)
    i.HAL_TIMEx_MasterConfigSynchronization  0x080010f4   Section        0  stm32f4xx_hal_tim_ex.o(i.HAL_TIMEx_MasterConfigSynchronization)
    i.HAL_TIM_Base_Init                      0x08001184   Section        0  stm32f4xx_hal_tim.o(i.HAL_TIM_Base_Init)
    i.HAL_TIM_Base_MspInit                   0x080011e0   Section        0  tim.o(i.HAL_TIM_Base_MspInit)
    i.HAL_TIM_Base_Start_IT                  0x08001250   Section        0  stm32f4xx_hal_tim.o(i.HAL_TIM_Base_Start_IT)
    i.HAL_TIM_ConfigClockSource              0x080012d0   Section        0  stm32f4xx_hal_tim.o(i.HAL_TIM_ConfigClockSource)
    i.HAL_TIM_IC_CaptureCallback             0x080013ac   Section        0  stm32f4xx_hal_tim.o(i.HAL_TIM_IC_CaptureCallback)
    i.HAL_TIM_IRQHandler                     0x080013ae   Section        0  stm32f4xx_hal_tim.o(i.HAL_TIM_IRQHandler)
    i.HAL_TIM_MspPostInit                    0x080014e0   Section        0  tim.o(i.HAL_TIM_MspPostInit)
    i.HAL_TIM_OC_DelayElapsedCallback        0x08001584   Section        0  stm32f4xx_hal_tim.o(i.HAL_TIM_OC_DelayElapsedCallback)
    i.HAL_TIM_PWM_ConfigChannel              0x08001586   Section        0  stm32f4xx_hal_tim.o(i.HAL_TIM_PWM_ConfigChannel)
    i.HAL_TIM_PWM_Init                       0x08001652   Section        0  stm32f4xx_hal_tim.o(i.HAL_TIM_PWM_Init)
    i.HAL_TIM_PWM_MspInit                    0x080016ac   Section        0  stm32f4xx_hal_tim.o(i.HAL_TIM_PWM_MspInit)
    i.HAL_TIM_PWM_PulseFinishedCallback      0x080016ae   Section        0  stm32f4xx_hal_tim.o(i.HAL_TIM_PWM_PulseFinishedCallback)
    i.HAL_TIM_PWM_Start                      0x080016b0   Section        0  stm32f4xx_hal_tim.o(i.HAL_TIM_PWM_Start)
    i.HAL_TIM_PeriodElapsedCallback          0x08001778   Section        0  main.o(i.HAL_TIM_PeriodElapsedCallback)
    i.HAL_TIM_TriggerCallback                0x0800184c   Section        0  stm32f4xx_hal_tim.o(i.HAL_TIM_TriggerCallback)
    i.HAL_UARTEx_RxEventCallback             0x0800184e   Section        0  stm32f4xx_hal_uart.o(i.HAL_UARTEx_RxEventCallback)
    i.HAL_UART_ErrorCallback                 0x08001850   Section        0  stm32f4xx_hal_uart.o(i.HAL_UART_ErrorCallback)
    i.HAL_UART_IRQHandler                    0x08001854   Section        0  stm32f4xx_hal_uart.o(i.HAL_UART_IRQHandler)
    i.HAL_UART_Init                          0x08001ad4   Section        0  stm32f4xx_hal_uart.o(i.HAL_UART_Init)
    i.HAL_UART_MspInit                       0x08001b38   Section        0  usart.o(i.HAL_UART_MspInit)
    i.HAL_UART_Receive_IT                    0x08001bf8   Section        0  stm32f4xx_hal_uart.o(i.HAL_UART_Receive_IT)
    i.HAL_UART_RxCpltCallback                0x08001c14   Section        0  main.o(i.HAL_UART_RxCpltCallback)
    i.HAL_UART_Transmit                      0x08001c44   Section        0  stm32f4xx_hal_uart.o(i.HAL_UART_Transmit)
    i.HAL_UART_TxCpltCallback                0x08001ce4   Section        0  stm32f4xx_hal_uart.o(i.HAL_UART_TxCpltCallback)
    i.HardFault_Handler                      0x08001ce6   Section        0  stm32f4xx_it.o(i.HardFault_Handler)
    i.I2C_IsAcknowledgeFailed                0x08001ce8   Section        0  stm32f4xx_hal_i2c.o(i.I2C_IsAcknowledgeFailed)
    I2C_IsAcknowledgeFailed                  0x08001ce9   Thumb Code    46  stm32f4xx_hal_i2c.o(i.I2C_IsAcknowledgeFailed)
    i.I2C_RequestMemoryWrite                 0x08001d18   Section        0  stm32f4xx_hal_i2c.o(i.I2C_RequestMemoryWrite)
    I2C_RequestMemoryWrite                   0x08001d19   Thumb Code   162  stm32f4xx_hal_i2c.o(i.I2C_RequestMemoryWrite)
    i.I2C_WaitOnBTFFlagUntilTimeout          0x08001dc0   Section        0  stm32f4xx_hal_i2c.o(i.I2C_WaitOnBTFFlagUntilTimeout)
    I2C_WaitOnBTFFlagUntilTimeout            0x08001dc1   Thumb Code    86  stm32f4xx_hal_i2c.o(i.I2C_WaitOnBTFFlagUntilTimeout)
    i.I2C_WaitOnFlagUntilTimeout             0x08001e18   Section        0  stm32f4xx_hal_i2c.o(i.I2C_WaitOnFlagUntilTimeout)
    I2C_WaitOnFlagUntilTimeout               0x08001e19   Thumb Code   144  stm32f4xx_hal_i2c.o(i.I2C_WaitOnFlagUntilTimeout)
    i.I2C_WaitOnMasterAddressFlagUntilTimeout 0x08001ea8   Section        0  stm32f4xx_hal_i2c.o(i.I2C_WaitOnMasterAddressFlagUntilTimeout)
    I2C_WaitOnMasterAddressFlagUntilTimeout  0x08001ea9   Thumb Code   188  stm32f4xx_hal_i2c.o(i.I2C_WaitOnMasterAddressFlagUntilTimeout)
    i.I2C_WaitOnTXEFlagUntilTimeout          0x08001f64   Section        0  stm32f4xx_hal_i2c.o(i.I2C_WaitOnTXEFlagUntilTimeout)
    I2C_WaitOnTXEFlagUntilTimeout            0x08001f65   Thumb Code    86  stm32f4xx_hal_i2c.o(i.I2C_WaitOnTXEFlagUntilTimeout)
    i.MATRIX_key                             0x08001fbc   Section        0  key.o(i.MATRIX_key)
    i.MX_GPIO_Init                           0x080021fc   Section        0  gpio.o(i.MX_GPIO_Init)
    i.MX_I2C1_Init                           0x08002324   Section        0  i2c.o(i.MX_I2C1_Init)
    i.MX_TIM1_Init                           0x08002364   Section        0  tim.o(i.MX_TIM1_Init)
    i.MX_TIM2_Init                           0x080023cc   Section        0  tim.o(i.MX_TIM2_Init)
    i.MX_TIM3_Init                           0x08002494   Section        0  tim.o(i.MX_TIM3_Init)
    i.MX_USART1_UART_Init                    0x0800255c   Section        0  usart.o(i.MX_USART1_UART_Init)
    i.MX_USART2_UART_Init                    0x08002594   Section        0  usart.o(i.MX_USART2_UART_Init)
    i.MemManage_Handler                      0x080025cc   Section        0  stm32f4xx_it.o(i.MemManage_Handler)
    i.NMI_Handler                            0x080025ce   Section        0  stm32f4xx_it.o(i.NMI_Handler)
    i.OLED_Clear                             0x080025d0   Section        0  oled.o(i.OLED_Clear)
    i.OLED_Init                              0x08002604   Section        0  oled.o(i.OLED_Init)
    i.OLED_WR_CMD                            0x08002624   Section        0  oled.o(i.OLED_WR_CMD)
    i.OLED_WR_DATA                           0x08002648   Section        0  oled.o(i.OLED_WR_DATA)
    i.PendSV_Handler                         0x0800266c   Section        0  stm32f4xx_it.o(i.PendSV_Handler)
    i.SVC_Handler                            0x0800266e   Section        0  stm32f4xx_it.o(i.SVC_Handler)
    i.SysTick_Handler                        0x08002670   Section        0  stm32f4xx_it.o(i.SysTick_Handler)
    i.SystemClock_Config                     0x08002674   Section        0  main.o(i.SystemClock_Config)
    i.SystemInit                             0x08002708   Section        0  system_stm32f4xx.o(i.SystemInit)
    i.TIM1_UP_TIM10_IRQHandler               0x08002718   Section        0  stm32f4xx_it.o(i.TIM1_UP_TIM10_IRQHandler)
    i.TIM_Base_SetConfig                     0x08002724   Section        0  stm32f4xx_hal_tim.o(i.TIM_Base_SetConfig)
    i.TIM_CCxChannelCmd                      0x080027f4   Section        0  stm32f4xx_hal_tim.o(i.TIM_CCxChannelCmd)
    i.TIM_ETR_SetConfig                      0x0800280e   Section        0  stm32f4xx_hal_tim.o(i.TIM_ETR_SetConfig)
    i.TIM_ITRx_SetConfig                     0x08002822   Section        0  stm32f4xx_hal_tim.o(i.TIM_ITRx_SetConfig)
    TIM_ITRx_SetConfig                       0x08002823   Thumb Code    16  stm32f4xx_hal_tim.o(i.TIM_ITRx_SetConfig)
    i.TIM_OC1_SetConfig                      0x08002834   Section        0  stm32f4xx_hal_tim.o(i.TIM_OC1_SetConfig)
    TIM_OC1_SetConfig                        0x08002835   Thumb Code    88  stm32f4xx_hal_tim.o(i.TIM_OC1_SetConfig)
    i.TIM_OC2_SetConfig                      0x08002894   Section        0  stm32f4xx_hal_tim.o(i.TIM_OC2_SetConfig)
    i.TIM_OC3_SetConfig                      0x08002900   Section        0  stm32f4xx_hal_tim.o(i.TIM_OC3_SetConfig)
    TIM_OC3_SetConfig                        0x08002901   Thumb Code    96  stm32f4xx_hal_tim.o(i.TIM_OC3_SetConfig)
    i.TIM_OC4_SetConfig                      0x08002968   Section        0  stm32f4xx_hal_tim.o(i.TIM_OC4_SetConfig)
    TIM_OC4_SetConfig                        0x08002969   Thumb Code    70  stm32f4xx_hal_tim.o(i.TIM_OC4_SetConfig)
    i.TIM_TI1_ConfigInputStage               0x080029b8   Section        0  stm32f4xx_hal_tim.o(i.TIM_TI1_ConfigInputStage)
    TIM_TI1_ConfigInputStage                 0x080029b9   Thumb Code    34  stm32f4xx_hal_tim.o(i.TIM_TI1_ConfigInputStage)
    i.TIM_TI2_ConfigInputStage               0x080029da   Section        0  stm32f4xx_hal_tim.o(i.TIM_TI2_ConfigInputStage)
    TIM_TI2_ConfigInputStage                 0x080029db   Thumb Code    36  stm32f4xx_hal_tim.o(i.TIM_TI2_ConfigInputStage)
    i.UART_DMAAbortOnError                   0x080029fe   Section        0  stm32f4xx_hal_uart.o(i.UART_DMAAbortOnError)
    UART_DMAAbortOnError                     0x080029ff   Thumb Code    14  stm32f4xx_hal_uart.o(i.UART_DMAAbortOnError)
    i.UART_EndRxTransfer                     0x08002a0c   Section        0  stm32f4xx_hal_uart.o(i.UART_EndRxTransfer)
    UART_EndRxTransfer                       0x08002a0d   Thumb Code    78  stm32f4xx_hal_uart.o(i.UART_EndRxTransfer)
    i.UART_Receive_IT                        0x08002a5a   Section        0  stm32f4xx_hal_uart.o(i.UART_Receive_IT)
    UART_Receive_IT                          0x08002a5b   Thumb Code   194  stm32f4xx_hal_uart.o(i.UART_Receive_IT)
    i.UART_SetConfig                         0x08002b1c   Section        0  stm32f4xx_hal_uart.o(i.UART_SetConfig)
    UART_SetConfig                           0x08002b1d   Thumb Code   258  stm32f4xx_hal_uart.o(i.UART_SetConfig)
    i.UART_Start_Receive_IT                  0x08002c28   Section        0  stm32f4xx_hal_uart.o(i.UART_Start_Receive_IT)
    i.UART_WaitOnFlagUntilTimeout            0x08002c5e   Section        0  stm32f4xx_hal_uart.o(i.UART_WaitOnFlagUntilTimeout)
    UART_WaitOnFlagUntilTimeout              0x08002c5f   Thumb Code   114  stm32f4xx_hal_uart.o(i.UART_WaitOnFlagUntilTimeout)
    i.USART2_IRQHandler                      0x08002cd0   Section        0  stm32f4xx_it.o(i.USART2_IRQHandler)
    i.UsageFault_Handler                     0x08002cdc   Section        0  stm32f4xx_it.o(i.UsageFault_Handler)
    i.__NVIC_SetPriority                     0x08002cde   Section        0  stm32f4xx_hal_cortex.o(i.__NVIC_SetPriority)
    __NVIC_SetPriority                       0x08002cdf   Thumb Code    32  stm32f4xx_hal_cortex.o(i.__NVIC_SetPriority)
    i.__hardfp_fabs                          0x08002cfe   Section        0  fabs.o(i.__hardfp_fabs)
    i.key_loop                               0x08002d14   Section        0  key.o(i.key_loop)
    i.main                                   0x08002ddc   Section        0  main.o(i.main)
    i.pwm_out                                0x08002e54   Section        0  servo.o(i.pwm_out)
    i.pwm_start                              0x08002ec0   Section        0  servo.o(i.pwm_start)
    i.servo_control                          0x08002ee4   Section        0  servo.o(i.servo_control)
    i.servo_pid                              0x08003118   Section        0  servo.o(i.servo_pid)
    i.servo_reset                            0x08003528   Section        0  servo.o(i.servo_reset)
    i.translate_angle_to_pulse               0x0800355c   Section        0  servo.o(i.translate_angle_to_pulse)
    x$fpl$d2f                                0x080035f8   Section       98  d2f.o(x$fpl$d2f)
    $v0                                      0x080035f8   Number         0  d2f.o(x$fpl$d2f)
    x$fpl$dadd                               0x0800365c   Section      336  daddsub_clz.o(x$fpl$dadd)
    $v0                                      0x0800365c   Number         0  daddsub_clz.o(x$fpl$dadd)
    _dadd1                                   0x0800366d   Thumb Code     0  daddsub_clz.o(x$fpl$dadd)
    x$fpl$dcmpinf                            0x080037ac   Section       24  dcmpi.o(x$fpl$dcmpinf)
    $v0                                      0x080037ac   Number         0  dcmpi.o(x$fpl$dcmpinf)
    x$fpl$ddiv                               0x080037c4   Section      688  ddiv.o(x$fpl$ddiv)
    $v0                                      0x080037c4   Number         0  ddiv.o(x$fpl$ddiv)
    ddiv_entry                               0x080037cb   Thumb Code     0  ddiv.o(x$fpl$ddiv)
    x$fpl$deqf                               0x08003a74   Section      120  deqf.o(x$fpl$deqf)
    $v0                                      0x08003a74   Number         0  deqf.o(x$fpl$deqf)
    x$fpl$dfix                               0x08003aec   Section       94  dfix.o(x$fpl$dfix)
    $v0                                      0x08003aec   Number         0  dfix.o(x$fpl$dfix)
    x$fpl$dfixu                              0x08003b4c   Section       90  dfixu.o(x$fpl$dfixu)
    $v0                                      0x08003b4c   Number         0  dfixu.o(x$fpl$dfixu)
    x$fpl$dleqf                              0x08003ba8   Section      120  dleqf.o(x$fpl$dleqf)
    $v0                                      0x08003ba8   Number         0  dleqf.o(x$fpl$dleqf)
    x$fpl$dmul                               0x08003c20   Section      340  dmul.o(x$fpl$dmul)
    $v0                                      0x08003c20   Number         0  dmul.o(x$fpl$dmul)
    x$fpl$dnaninf                            0x08003d74   Section      156  dnaninf.o(x$fpl$dnaninf)
    $v0                                      0x08003d74   Number         0  dnaninf.o(x$fpl$dnaninf)
    x$fpl$dretinf                            0x08003e10   Section       12  dretinf.o(x$fpl$dretinf)
    $v0                                      0x08003e10   Number         0  dretinf.o(x$fpl$dretinf)
    x$fpl$drleqf                             0x08003e1c   Section      108  drleqf.o(x$fpl$drleqf)
    $v0                                      0x08003e1c   Number         0  drleqf.o(x$fpl$drleqf)
    x$fpl$drsb                               0x08003e88   Section       22  daddsub_clz.o(x$fpl$drsb)
    $v0                                      0x08003e88   Number         0  daddsub_clz.o(x$fpl$drsb)
    x$fpl$dsub                               0x08003ea0   Section      468  daddsub_clz.o(x$fpl$dsub)
    $v0                                      0x08003ea0   Number         0  daddsub_clz.o(x$fpl$dsub)
    _dsub1                                   0x08003eb1   Thumb Code     0  daddsub_clz.o(x$fpl$dsub)
    x$fpl$f2d                                0x08004074   Section       86  f2d.o(x$fpl$f2d)
    $v0                                      0x08004074   Number         0  f2d.o(x$fpl$f2d)
    x$fpl$fnaninf                            0x080040ca   Section      140  fnaninf.o(x$fpl$fnaninf)
    $v0                                      0x080040ca   Number         0  fnaninf.o(x$fpl$fnaninf)
    x$fpl$fpinit                             0x08004156   Section       10  fpinit.o(x$fpl$fpinit)
    $v0                                      0x08004156   Number         0  fpinit.o(x$fpl$fpinit)
    x$fpl$fretinf                            0x08004160   Section       10  fretinf.o(x$fpl$fretinf)
    $v0                                      0x08004160   Number         0  fretinf.o(x$fpl$fretinf)
    .constdata                               0x0800416a   Section       16  system_stm32f4xx.o(.constdata)
    x$fpl$usenofp                            0x0800416a   Section        0  usenofp.o(x$fpl$usenofp)
    .constdata                               0x0800417a   Section        8  system_stm32f4xx.o(.constdata)
    .data                                    0x20000000   Section       26  main.o(.data)
    .data                                    0x2000001c   Section       12  stm32f4xx_hal.o(.data)
    .data                                    0x20000028   Section        4  system_stm32f4xx.o(.data)
    .data                                    0x2000002c   Section        3  key.o(.data)
    before_key                               0x2000002c   Data           1  key.o(.data)
    now_key                                  0x2000002d   Data           1  key.o(.data)
    .data                                    0x2000002f   Section       23  oled.o(.data)
    .data                                    0x20000048   Section      104  servo.o(.data)
    integ_h                                  0x20000048   Data           4  servo.o(.data)
    prev_e_h                                 0x2000004c   Data           4  servo.o(.data)
    last_t                                   0x20000050   Data           4  servo.o(.data)
    integ_v                                  0x20000064   Data           4  servo.o(.data)
    prev_e_v                                 0x20000068   Data           4  servo.o(.data)
    .bss                                     0x200000b0   Section       84  i2c.o(.bss)
    .bss                                     0x20000104   Section      216  tim.o(.bss)
    .bss                                     0x200001dc   Section      144  usart.o(.bss)
    .bss                                     0x2000026c   Section       96  libspace.o(.bss)
    HEAP                                     0x200002d0   Section      512  startup_stm32f4xx.o(HEAP)
    Heap_Mem                                 0x200002d0   Data         512  startup_stm32f4xx.o(HEAP)
    STACK                                    0x200004d0   Section     1024  startup_stm32f4xx.o(STACK)
    Stack_Mem                                0x200004d0   Data        1024  startup_stm32f4xx.o(STACK)
    __initial_sp                             0x200008d0   Data           0  startup_stm32f4xx.o(STACK)

    Global Symbols

    Symbol Name                              Value     Ov Type        Size  Object(Section)

    BuildAttributes$$THM_ISAv4$E$P$D$K$B$S$7EM$VFPi3$EXTD16$VFPS$VFMA$PE$A:L22UL41UL21$X:L11$S22US41US21$IEEE1$IW$USESV6$~STKCKD$USESV7$~SHL$OTIME$ROPI$IEEEX$EBA8$UX$STANDARDLIB$REQ8$PRES8$EABIv2 0x00000000   Number         0  anon$$obj.o ABSOLUTE
    __ARM_use_no_argv                        0x00000000   Number         0  main.o ABSOLUTE
    __ARM_exceptions_init                     - Undefined Weak Reference
    __alloca_initialize                       - Undefined Weak Reference
    __arm_preinit_                            - Undefined Weak Reference
    __cpp_initialize__aeabi_                  - Undefined Weak Reference
    __cxa_finalize                            - Undefined Weak Reference
    __rt_locale                               - Undefined Weak Reference
    __sigvec_lookup                           - Undefined Weak Reference
    __user_heap_extent                        - Undefined Weak Reference
    _atexit_init                              - Undefined Weak Reference
    _call_atexit_fns                          - Undefined Weak Reference
    _clock_init                               - Undefined Weak Reference
    _fp_trap_init                             - Undefined Weak Reference
    _fp_trap_shutdown                         - Undefined Weak Reference
    _get_lc_collate                           - Undefined Weak Reference
    _get_lc_ctype                             - Undefined Weak Reference
    _get_lc_monetary                          - Undefined Weak Reference
    _get_lc_numeric                           - Undefined Weak Reference
    _get_lc_time                              - Undefined Weak Reference
    _getenv_init                              - Undefined Weak Reference
    _handle_redirection                       - Undefined Weak Reference
    _mutex_acquire                            - Undefined Weak Reference
    _mutex_free                               - Undefined Weak Reference
    _mutex_release                            - Undefined Weak Reference
    _printf_mbtowc                            - Undefined Weak Reference
    _printf_post_padding                      - Undefined Weak Reference
    _printf_pre_padding                       - Undefined Weak Reference
    _rand_init                                - Undefined Weak Reference
    _signal_finish                            - Undefined Weak Reference
    _signal_init                              - Undefined Weak Reference
    __Vectors_Size                           0x00000188   Number         0  startup_stm32f4xx.o ABSOLUTE
    __Vectors                                0x08000000   Data           4  startup_stm32f4xx.o(RESET)
    __Vectors_End                            0x08000188   Data           0  startup_stm32f4xx.o(RESET)
    __main                                   0x08000189   Thumb Code     8  __main.o(!!!main)
    __scatterload                            0x08000191   Thumb Code     0  __scatter.o(!!!scatter)
    __scatterload_rt2                        0x08000191   Thumb Code    44  __scatter.o(!!!scatter)
    __scatterload_rt2_thumb_only             0x08000191   Thumb Code     0  __scatter.o(!!!scatter)
    __scatterload_null                       0x0800019f   Thumb Code     0  __scatter.o(!!!scatter)
    __scatterload_copy                       0x080001c5   Thumb Code    26  __scatter_copy.o(!!handler_copy)
    __scatterload_zeroinit                   0x080001e1   Thumb Code    28  __scatter_zi.o(!!handler_zi)
    __rt_lib_init                            0x080001fd   Thumb Code     0  libinit.o(.ARM.Collect$$libinit$$00000000)
    __rt_lib_init_fp_1                       0x080001ff   Thumb Code     0  libinit2.o(.ARM.Collect$$libinit$$00000001)
    __rt_lib_init_alloca_1                   0x08000203   Thumb Code     0  libinit2.o(.ARM.Collect$$libinit$$0000002E)
    __rt_lib_init_argv_1                     0x08000203   Thumb Code     0  libinit2.o(.ARM.Collect$$libinit$$0000002C)
    __rt_lib_init_atexit_1                   0x08000203   Thumb Code     0  libinit2.o(.ARM.Collect$$libinit$$0000001B)
    __rt_lib_init_clock_1                    0x08000203   Thumb Code     0  libinit2.o(.ARM.Collect$$libinit$$00000021)
    __rt_lib_init_cpp_1                      0x08000203   Thumb Code     0  libinit2.o(.ARM.Collect$$libinit$$00000032)
    __rt_lib_init_exceptions_1               0x08000203   Thumb Code     0  libinit2.o(.ARM.Collect$$libinit$$00000030)
    __rt_lib_init_fp_trap_1                  0x08000203   Thumb Code     0  libinit2.o(.ARM.Collect$$libinit$$0000001F)
    __rt_lib_init_getenv_1                   0x08000203   Thumb Code     0  libinit2.o(.ARM.Collect$$libinit$$00000023)
    __rt_lib_init_heap_1                     0x08000203   Thumb Code     0  libinit2.o(.ARM.Collect$$libinit$$0000000A)
    __rt_lib_init_lc_collate_1               0x08000203   Thumb Code     0  libinit2.o(.ARM.Collect$$libinit$$00000011)
    __rt_lib_init_lc_ctype_1                 0x08000203   Thumb Code     0  libinit2.o(.ARM.Collect$$libinit$$00000013)
    __rt_lib_init_lc_monetary_1              0x08000203   Thumb Code     0  libinit2.o(.ARM.Collect$$libinit$$00000015)
    __rt_lib_init_lc_numeric_1               0x08000203   Thumb Code     0  libinit2.o(.ARM.Collect$$libinit$$00000017)
    __rt_lib_init_lc_time_1                  0x08000203   Thumb Code     0  libinit2.o(.ARM.Collect$$libinit$$00000019)
    __rt_lib_init_preinit_1                  0x08000203   Thumb Code     0  libinit2.o(.ARM.Collect$$libinit$$00000004)
    __rt_lib_init_rand_1                     0x08000203   Thumb Code     0  libinit2.o(.ARM.Collect$$libinit$$0000000E)
    __rt_lib_init_return                     0x08000203   Thumb Code     0  libinit2.o(.ARM.Collect$$libinit$$00000033)
    __rt_lib_init_signal_1                   0x08000203   Thumb Code     0  libinit2.o(.ARM.Collect$$libinit$$0000001D)
    __rt_lib_init_stdio_1                    0x08000203   Thumb Code     0  libinit2.o(.ARM.Collect$$libinit$$00000025)
    __rt_lib_init_user_alloc_1               0x08000203   Thumb Code     0  libinit2.o(.ARM.Collect$$libinit$$0000000C)
    __rt_lib_shutdown                        0x08000205   Thumb Code     0  libshutdown.o(.ARM.Collect$$libshutdown$$00000000)
    __rt_lib_shutdown_cpp_1                  0x08000207   Thumb Code     0  libshutdown2.o(.ARM.Collect$$libshutdown$$00000002)
    __rt_lib_shutdown_fp_trap_1              0x08000207   Thumb Code     0  libshutdown2.o(.ARM.Collect$$libshutdown$$00000007)
    __rt_lib_shutdown_heap_1                 0x08000207   Thumb Code     0  libshutdown2.o(.ARM.Collect$$libshutdown$$0000000F)
    __rt_lib_shutdown_return                 0x08000207   Thumb Code     0  libshutdown2.o(.ARM.Collect$$libshutdown$$00000010)
    __rt_lib_shutdown_signal_1               0x08000207   Thumb Code     0  libshutdown2.o(.ARM.Collect$$libshutdown$$0000000A)
    __rt_lib_shutdown_stdio_1                0x08000207   Thumb Code     0  libshutdown2.o(.ARM.Collect$$libshutdown$$00000004)
    __rt_lib_shutdown_user_alloc_1           0x08000207   Thumb Code     0  libshutdown2.o(.ARM.Collect$$libshutdown$$0000000C)
    __rt_entry                               0x08000209   Thumb Code     0  __rtentry.o(.ARM.Collect$$rtentry$$00000000)
    __rt_entry_presh_1                       0x08000209   Thumb Code     0  __rtentry2.o(.ARM.Collect$$rtentry$$00000002)
    __rt_entry_sh                            0x08000209   Thumb Code     0  __rtentry4.o(.ARM.Collect$$rtentry$$00000004)
    __rt_entry_li                            0x0800020f   Thumb Code     0  __rtentry2.o(.ARM.Collect$$rtentry$$0000000A)
    __rt_entry_postsh_1                      0x0800020f   Thumb Code     0  __rtentry2.o(.ARM.Collect$$rtentry$$00000009)
    __rt_entry_main                          0x08000213   Thumb Code     0  __rtentry2.o(.ARM.Collect$$rtentry$$0000000D)
    __rt_entry_postli_1                      0x08000213   Thumb Code     0  __rtentry2.o(.ARM.Collect$$rtentry$$0000000C)
    __rt_exit                                0x0800021b   Thumb Code     0  rtexit.o(.ARM.Collect$$rtexit$$00000000)
    __rt_exit_ls                             0x0800021d   Thumb Code     0  rtexit2.o(.ARM.Collect$$rtexit$$00000003)
    __rt_exit_prels_1                        0x0800021d   Thumb Code     0  rtexit2.o(.ARM.Collect$$rtexit$$00000002)
    __rt_exit_exit                           0x08000221   Thumb Code     0  rtexit2.o(.ARM.Collect$$rtexit$$00000004)
    Reset_Handler                            0x08000229   Thumb Code    18  startup_stm32f4xx.o(.text)
    ADC_IRQHandler                           0x0800024d   Thumb Code     0  startup_stm32f4xx.o(.text)
    CAN1_RX0_IRQHandler                      0x0800024d   Thumb Code     0  startup_stm32f4xx.o(.text)
    CAN1_RX1_IRQHandler                      0x0800024d   Thumb Code     0  startup_stm32f4xx.o(.text)
    CAN1_SCE_IRQHandler                      0x0800024d   Thumb Code     0  startup_stm32f4xx.o(.text)
    CAN1_TX_IRQHandler                       0x0800024d   Thumb Code     0  startup_stm32f4xx.o(.text)
    CAN2_RX0_IRQHandler                      0x0800024d   Thumb Code     0  startup_stm32f4xx.o(.text)
    CAN2_RX1_IRQHandler                      0x0800024d   Thumb Code     0  startup_stm32f4xx.o(.text)
    CAN2_SCE_IRQHandler                      0x0800024d   Thumb Code     0  startup_stm32f4xx.o(.text)
    CAN2_TX_IRQHandler                       0x0800024d   Thumb Code     0  startup_stm32f4xx.o(.text)
    CRYP_IRQHandler                          0x0800024d   Thumb Code     0  startup_stm32f4xx.o(.text)
    DCMI_IRQHandler                          0x0800024d   Thumb Code     0  startup_stm32f4xx.o(.text)
    DMA1_Stream0_IRQHandler                  0x0800024d   Thumb Code     0  startup_stm32f4xx.o(.text)
    DMA1_Stream1_IRQHandler                  0x0800024d   Thumb Code     0  startup_stm32f4xx.o(.text)
    DMA1_Stream2_IRQHandler                  0x0800024d   Thumb Code     0  startup_stm32f4xx.o(.text)
    DMA1_Stream3_IRQHandler                  0x0800024d   Thumb Code     0  startup_stm32f4xx.o(.text)
    DMA1_Stream4_IRQHandler                  0x0800024d   Thumb Code     0  startup_stm32f4xx.o(.text)
    DMA1_Stream5_IRQHandler                  0x0800024d   Thumb Code     0  startup_stm32f4xx.o(.text)
    DMA1_Stream6_IRQHandler                  0x0800024d   Thumb Code     0  startup_stm32f4xx.o(.text)
    DMA1_Stream7_IRQHandler                  0x0800024d   Thumb Code     0  startup_stm32f4xx.o(.text)
    DMA2_Stream0_IRQHandler                  0x0800024d   Thumb Code     0  startup_stm32f4xx.o(.text)
    DMA2_Stream1_IRQHandler                  0x0800024d   Thumb Code     0  startup_stm32f4xx.o(.text)
    DMA2_Stream2_IRQHandler                  0x0800024d   Thumb Code     0  startup_stm32f4xx.o(.text)
    DMA2_Stream3_IRQHandler                  0x0800024d   Thumb Code     0  startup_stm32f4xx.o(.text)
    DMA2_Stream4_IRQHandler                  0x0800024d   Thumb Code     0  startup_stm32f4xx.o(.text)
    DMA2_Stream5_IRQHandler                  0x0800024d   Thumb Code     0  startup_stm32f4xx.o(.text)
    DMA2_Stream6_IRQHandler                  0x0800024d   Thumb Code     0  startup_stm32f4xx.o(.text)
    DMA2_Stream7_IRQHandler                  0x0800024d   Thumb Code     0  startup_stm32f4xx.o(.text)
    ETH_IRQHandler                           0x0800024d   Thumb Code     0  startup_stm32f4xx.o(.text)
    ETH_WKUP_IRQHandler                      0x0800024d   Thumb Code     0  startup_stm32f4xx.o(.text)
    EXTI0_IRQHandler                         0x0800024d   Thumb Code     0  startup_stm32f4xx.o(.text)
    EXTI15_10_IRQHandler                     0x0800024d   Thumb Code     0  startup_stm32f4xx.o(.text)
    EXTI1_IRQHandler                         0x0800024d   Thumb Code     0  startup_stm32f4xx.o(.text)
    EXTI2_IRQHandler                         0x0800024d   Thumb Code     0  startup_stm32f4xx.o(.text)
    EXTI3_IRQHandler                         0x0800024d   Thumb Code     0  startup_stm32f4xx.o(.text)
    EXTI4_IRQHandler                         0x0800024d   Thumb Code     0  startup_stm32f4xx.o(.text)
    EXTI9_5_IRQHandler                       0x0800024d   Thumb Code     0  startup_stm32f4xx.o(.text)
    FLASH_IRQHandler                         0x0800024d   Thumb Code     0  startup_stm32f4xx.o(.text)
    FPU_IRQHandler                           0x0800024d   Thumb Code     0  startup_stm32f4xx.o(.text)
    FSMC_IRQHandler                          0x0800024d   Thumb Code     0  startup_stm32f4xx.o(.text)
    HASH_RNG_IRQHandler                      0x0800024d   Thumb Code     0  startup_stm32f4xx.o(.text)
    I2C1_ER_IRQHandler                       0x0800024d   Thumb Code     0  startup_stm32f4xx.o(.text)
    I2C1_EV_IRQHandler                       0x0800024d   Thumb Code     0  startup_stm32f4xx.o(.text)
    I2C2_ER_IRQHandler                       0x0800024d   Thumb Code     0  startup_stm32f4xx.o(.text)
    I2C2_EV_IRQHandler                       0x0800024d   Thumb Code     0  startup_stm32f4xx.o(.text)
    I2C3_ER_IRQHandler                       0x0800024d   Thumb Code     0  startup_stm32f4xx.o(.text)
    I2C3_EV_IRQHandler                       0x0800024d   Thumb Code     0  startup_stm32f4xx.o(.text)
    OTG_FS_IRQHandler                        0x0800024d   Thumb Code     0  startup_stm32f4xx.o(.text)
    OTG_FS_WKUP_IRQHandler                   0x0800024d   Thumb Code     0  startup_stm32f4xx.o(.text)
    OTG_HS_EP1_IN_IRQHandler                 0x0800024d   Thumb Code     0  startup_stm32f4xx.o(.text)
    OTG_HS_EP1_OUT_IRQHandler                0x0800024d   Thumb Code     0  startup_stm32f4xx.o(.text)
    OTG_HS_IRQHandler                        0x0800024d   Thumb Code     0  startup_stm32f4xx.o(.text)
    OTG_HS_WKUP_IRQHandler                   0x0800024d   Thumb Code     0  startup_stm32f4xx.o(.text)
    PVD_IRQHandler                           0x0800024d   Thumb Code     0  startup_stm32f4xx.o(.text)
    RCC_IRQHandler                           0x0800024d   Thumb Code     0  startup_stm32f4xx.o(.text)
    RTC_Alarm_IRQHandler                     0x0800024d   Thumb Code     0  startup_stm32f4xx.o(.text)
    RTC_WKUP_IRQHandler                      0x0800024d   Thumb Code     0  startup_stm32f4xx.o(.text)
    SDIO_IRQHandler                          0x0800024d   Thumb Code     0  startup_stm32f4xx.o(.text)
    SPI1_IRQHandler                          0x0800024d   Thumb Code     0  startup_stm32f4xx.o(.text)
    SPI2_IRQHandler                          0x0800024d   Thumb Code     0  startup_stm32f4xx.o(.text)
    SPI3_IRQHandler                          0x0800024d   Thumb Code     0  startup_stm32f4xx.o(.text)
    TAMP_STAMP_IRQHandler                    0x0800024d   Thumb Code     0  startup_stm32f4xx.o(.text)
    TIM1_BRK_TIM9_IRQHandler                 0x0800024d   Thumb Code     0  startup_stm32f4xx.o(.text)
    TIM1_CC_IRQHandler                       0x0800024d   Thumb Code     0  startup_stm32f4xx.o(.text)
    TIM1_TRG_COM_TIM11_IRQHandler            0x0800024d   Thumb Code     0  startup_stm32f4xx.o(.text)
    TIM2_IRQHandler                          0x0800024d   Thumb Code     0  startup_stm32f4xx.o(.text)
    TIM3_IRQHandler                          0x0800024d   Thumb Code     0  startup_stm32f4xx.o(.text)
    TIM4_IRQHandler                          0x0800024d   Thumb Code     0  startup_stm32f4xx.o(.text)
    TIM5_IRQHandler                          0x0800024d   Thumb Code     0  startup_stm32f4xx.o(.text)
    TIM6_DAC_IRQHandler                      0x0800024d   Thumb Code     0  startup_stm32f4xx.o(.text)
    TIM7_IRQHandler                          0x0800024d   Thumb Code     0  startup_stm32f4xx.o(.text)
    TIM8_BRK_TIM12_IRQHandler                0x0800024d   Thumb Code     0  startup_stm32f4xx.o(.text)
    TIM8_CC_IRQHandler                       0x0800024d   Thumb Code     0  startup_stm32f4xx.o(.text)
    TIM8_TRG_COM_TIM14_IRQHandler            0x0800024d   Thumb Code     0  startup_stm32f4xx.o(.text)
    TIM8_UP_TIM13_IRQHandler                 0x0800024d   Thumb Code     0  startup_stm32f4xx.o(.text)
    UART4_IRQHandler                         0x0800024d   Thumb Code     0  startup_stm32f4xx.o(.text)
    UART5_IRQHandler                         0x0800024d   Thumb Code     0  startup_stm32f4xx.o(.text)
    USART1_IRQHandler                        0x0800024d   Thumb Code     0  startup_stm32f4xx.o(.text)
    USART3_IRQHandler                        0x0800024d   Thumb Code     0  startup_stm32f4xx.o(.text)
    USART6_IRQHandler                        0x0800024d   Thumb Code     0  startup_stm32f4xx.o(.text)
    WWDG_IRQHandler                          0x0800024d   Thumb Code     0  startup_stm32f4xx.o(.text)
    __user_initial_stackheap                 0x08000251   Thumb Code     0  startup_stm32f4xx.o(.text)
    __aeabi_uldivmod                         0x08000279   Thumb Code     0  lludivv7m.o(.text)
    _ll_udiv                                 0x08000279   Thumb Code   238  lludivv7m.o(.text)
    __aeabi_memclr4                          0x08000367   Thumb Code     0  rt_memclr_w.o(.text)
    __aeabi_memclr8                          0x08000367   Thumb Code     0  rt_memclr_w.o(.text)
    __rt_memclr_w                            0x08000367   Thumb Code    78  rt_memclr_w.o(.text)
    _memset_w                                0x0800036b   Thumb Code     0  rt_memclr_w.o(.text)
    __use_two_region_memory                  0x080003b5   Thumb Code     2  heapauxi.o(.text)
    __rt_heap_escrow                         0x080003b7   Thumb Code     2  heapauxi.o(.text)
    __rt_heap_expand                         0x080003b9   Thumb Code     2  heapauxi.o(.text)
    __user_libspace                          0x080003bd   Thumb Code     8  libspace.o(.text)
    __user_perproc_libspace                  0x080003bd   Thumb Code     0  libspace.o(.text)
    __user_perthread_libspace                0x080003bd   Thumb Code     0  libspace.o(.text)
    __user_setup_stackheap                   0x080003c5   Thumb Code    74  sys_stackheap_outer.o(.text)
    exit                                     0x0800040f   Thumb Code    18  exit.o(.text)
    __I$use$semihosting                      0x08000421   Thumb Code     0  use_no_semi.o(.text)
    __use_no_semihosting_swi                 0x08000421   Thumb Code     2  use_no_semi.o(.text)
    __semihosting_library_function           0x08000423   Thumb Code     0  indicate_semi.o(.text)
    _sys_exit                                0x08000425   Thumb Code     8  sys_exit.o(.text)
    BusFault_Handler                         0x08000431   Thumb Code     2  stm32f4xx_it.o(i.BusFault_Handler)
    DebugMon_Handler                         0x08000433   Thumb Code     2  stm32f4xx_it.o(i.DebugMon_Handler)
    Error_Handler                            0x08000435   Thumb Code     4  main.o(i.Error_Handler)
    HAL_DMA_Abort                            0x08000439   Thumb Code   146  stm32f4xx_hal_dma.o(i.HAL_DMA_Abort)
    HAL_DMA_Abort_IT                         0x080004cb   Thumb Code    36  stm32f4xx_hal_dma.o(i.HAL_DMA_Abort_IT)
    HAL_Delay                                0x080004f1   Thumb Code    32  stm32f4xx_hal.o(i.HAL_Delay)
    HAL_GPIO_Init                            0x08000515   Thumb Code   450  stm32f4xx_hal_gpio.o(i.HAL_GPIO_Init)
    HAL_GPIO_ReadPin                         0x08000705   Thumb Code    10  stm32f4xx_hal_gpio.o(i.HAL_GPIO_ReadPin)
    HAL_GPIO_TogglePin                       0x0800070f   Thumb Code    16  stm32f4xx_hal_gpio.o(i.HAL_GPIO_TogglePin)
    HAL_GPIO_WritePin                        0x0800071f   Thumb Code    10  stm32f4xx_hal_gpio.o(i.HAL_GPIO_WritePin)
    HAL_GetTick                              0x08000729   Thumb Code     6  stm32f4xx_hal.o(i.HAL_GetTick)
    HAL_I2C_Init                             0x08000735   Thumb Code   376  stm32f4xx_hal_i2c.o(i.HAL_I2C_Init)
    HAL_I2C_Mem_Write                        0x080008bd   Thumb Code   294  stm32f4xx_hal_i2c.o(i.HAL_I2C_Mem_Write)
    HAL_I2C_MspInit                          0x080009ed   Thumb Code    92  i2c.o(i.HAL_I2C_MspInit)
    HAL_IncTick                              0x08000a55   Thumb Code    12  stm32f4xx_hal.o(i.HAL_IncTick)
    HAL_Init                                 0x08000a65   Thumb Code    48  stm32f4xx_hal.o(i.HAL_Init)
    HAL_InitTick                             0x08000a99   Thumb Code    54  stm32f4xx_hal.o(i.HAL_InitTick)
    HAL_MspInit                              0x08000ad9   Thumb Code    42  stm32f4xx_hal_msp.o(i.HAL_MspInit)
    HAL_NVIC_EnableIRQ                       0x08000b09   Thumb Code    26  stm32f4xx_hal_cortex.o(i.HAL_NVIC_EnableIRQ)
    HAL_NVIC_SetPriority                     0x08000b25   Thumb Code    60  stm32f4xx_hal_cortex.o(i.HAL_NVIC_SetPriority)
    HAL_NVIC_SetPriorityGrouping             0x08000b65   Thumb Code    26  stm32f4xx_hal_cortex.o(i.HAL_NVIC_SetPriorityGrouping)
    HAL_RCC_ClockConfig                      0x08000b89   Thumb Code   288  stm32f4xx_hal_rcc.o(i.HAL_RCC_ClockConfig)
    HAL_RCC_GetPCLK1Freq                     0x08000cbd   Thumb Code    20  stm32f4xx_hal_rcc.o(i.HAL_RCC_GetPCLK1Freq)
    HAL_RCC_GetPCLK2Freq                     0x08000cdd   Thumb Code    20  stm32f4xx_hal_rcc.o(i.HAL_RCC_GetPCLK2Freq)
    HAL_RCC_GetSysClockFreq                  0x08000cfd   Thumb Code    88  stm32f4xx_hal_rcc.o(i.HAL_RCC_GetSysClockFreq)
    HAL_RCC_OscConfig                        0x08000d5d   Thumb Code   856  stm32f4xx_hal_rcc.o(i.HAL_RCC_OscConfig)
    HAL_SYSTICK_Config                       0x080010c9   Thumb Code    40  stm32f4xx_hal_cortex.o(i.HAL_SYSTICK_Config)
    HAL_TIMEx_BreakCallback                  0x080010f1   Thumb Code     2  stm32f4xx_hal_tim_ex.o(i.HAL_TIMEx_BreakCallback)
    HAL_TIMEx_CommutCallback                 0x080010f3   Thumb Code     2  stm32f4xx_hal_tim_ex.o(i.HAL_TIMEx_CommutCallback)
    HAL_TIMEx_MasterConfigSynchronization    0x080010f5   Thumb Code   116  stm32f4xx_hal_tim_ex.o(i.HAL_TIMEx_MasterConfigSynchronization)
    HAL_TIM_Base_Init                        0x08001185   Thumb Code    90  stm32f4xx_hal_tim.o(i.HAL_TIM_Base_Init)
    HAL_TIM_Base_MspInit                     0x080011e1   Thumb Code    98  tim.o(i.HAL_TIM_Base_MspInit)
    HAL_TIM_Base_Start_IT                    0x08001251   Thumb Code   100  stm32f4xx_hal_tim.o(i.HAL_TIM_Base_Start_IT)
    HAL_TIM_ConfigClockSource                0x080012d1   Thumb Code   220  stm32f4xx_hal_tim.o(i.HAL_TIM_ConfigClockSource)
    HAL_TIM_IC_CaptureCallback               0x080013ad   Thumb Code     2  stm32f4xx_hal_tim.o(i.HAL_TIM_IC_CaptureCallback)
    HAL_TIM_IRQHandler                       0x080013af   Thumb Code   304  stm32f4xx_hal_tim.o(i.HAL_TIM_IRQHandler)
    HAL_TIM_MspPostInit                      0x080014e1   Thumb Code   146  tim.o(i.HAL_TIM_MspPostInit)
    HAL_TIM_OC_DelayElapsedCallback          0x08001585   Thumb Code     2  stm32f4xx_hal_tim.o(i.HAL_TIM_OC_DelayElapsedCallback)
    HAL_TIM_PWM_ConfigChannel                0x08001587   Thumb Code   204  stm32f4xx_hal_tim.o(i.HAL_TIM_PWM_ConfigChannel)
    HAL_TIM_PWM_Init                         0x08001653   Thumb Code    90  stm32f4xx_hal_tim.o(i.HAL_TIM_PWM_Init)
    HAL_TIM_PWM_MspInit                      0x080016ad   Thumb Code     2  stm32f4xx_hal_tim.o(i.HAL_TIM_PWM_MspInit)
    HAL_TIM_PWM_PulseFinishedCallback        0x080016af   Thumb Code     2  stm32f4xx_hal_tim.o(i.HAL_TIM_PWM_PulseFinishedCallback)
    HAL_TIM_PWM_Start                        0x080016b1   Thumb Code   172  stm32f4xx_hal_tim.o(i.HAL_TIM_PWM_Start)
    HAL_TIM_PeriodElapsedCallback            0x08001779   Thumb Code   196  main.o(i.HAL_TIM_PeriodElapsedCallback)
    HAL_TIM_TriggerCallback                  0x0800184d   Thumb Code     2  stm32f4xx_hal_tim.o(i.HAL_TIM_TriggerCallback)
    HAL_UARTEx_RxEventCallback               0x0800184f   Thumb Code     2  stm32f4xx_hal_uart.o(i.HAL_UARTEx_RxEventCallback)
    HAL_UART_ErrorCallback                   0x08001851   Thumb Code     2  stm32f4xx_hal_uart.o(i.HAL_UART_ErrorCallback)
    HAL_UART_IRQHandler                      0x08001855   Thumb Code   636  stm32f4xx_hal_uart.o(i.HAL_UART_IRQHandler)
    HAL_UART_Init                            0x08001ad5   Thumb Code   100  stm32f4xx_hal_uart.o(i.HAL_UART_Init)
    HAL_UART_MspInit                         0x08001b39   Thumb Code   172  usart.o(i.HAL_UART_MspInit)
    HAL_UART_Receive_IT                      0x08001bf9   Thumb Code    28  stm32f4xx_hal_uart.o(i.HAL_UART_Receive_IT)
    HAL_UART_RxCpltCallback                  0x08001c15   Thumb Code    36  main.o(i.HAL_UART_RxCpltCallback)
    HAL_UART_Transmit                        0x08001c45   Thumb Code   160  stm32f4xx_hal_uart.o(i.HAL_UART_Transmit)
    HAL_UART_TxCpltCallback                  0x08001ce5   Thumb Code     2  stm32f4xx_hal_uart.o(i.HAL_UART_TxCpltCallback)
    HardFault_Handler                        0x08001ce7   Thumb Code     2  stm32f4xx_it.o(i.HardFault_Handler)
    MATRIX_key                               0x08001fbd   Thumb Code   560  key.o(i.MATRIX_key)
    MX_GPIO_Init                             0x080021fd   Thumb Code   276  gpio.o(i.MX_GPIO_Init)
    MX_I2C1_Init                             0x08002325   Thumb Code    50  i2c.o(i.MX_I2C1_Init)
    MX_TIM1_Init                             0x08002365   Thumb Code    96  tim.o(i.MX_TIM1_Init)
    MX_TIM2_Init                             0x080023cd   Thumb Code   194  tim.o(i.MX_TIM2_Init)
    MX_TIM3_Init                             0x08002495   Thumb Code   192  tim.o(i.MX_TIM3_Init)
    MX_USART1_UART_Init                      0x0800255d   Thumb Code    48  usart.o(i.MX_USART1_UART_Init)
    MX_USART2_UART_Init                      0x08002595   Thumb Code    48  usart.o(i.MX_USART2_UART_Init)
    MemManage_Handler                        0x080025cd   Thumb Code     2  stm32f4xx_it.o(i.MemManage_Handler)
    NMI_Handler                              0x080025cf   Thumb Code     2  stm32f4xx_it.o(i.NMI_Handler)
    OLED_Clear                               0x080025d1   Thumb Code    52  oled.o(i.OLED_Clear)
    OLED_Init                                0x08002605   Thumb Code    28  oled.o(i.OLED_Init)
    OLED_WR_CMD                              0x08002625   Thumb Code    32  oled.o(i.OLED_WR_CMD)
    OLED_WR_DATA                             0x08002649   Thumb Code    32  oled.o(i.OLED_WR_DATA)
    PendSV_Handler                           0x0800266d   Thumb Code     2  stm32f4xx_it.o(i.PendSV_Handler)
    SVC_Handler                              0x0800266f   Thumb Code     2  stm32f4xx_it.o(i.SVC_Handler)
    SysTick_Handler                          0x08002671   Thumb Code     4  stm32f4xx_it.o(i.SysTick_Handler)
    SystemClock_Config                       0x08002675   Thumb Code   140  main.o(i.SystemClock_Config)
    SystemInit                               0x08002709   Thumb Code    12  system_stm32f4xx.o(i.SystemInit)
    TIM1_UP_TIM10_IRQHandler                 0x08002719   Thumb Code     6  stm32f4xx_it.o(i.TIM1_UP_TIM10_IRQHandler)
    TIM_Base_SetConfig                       0x08002725   Thumb Code   164  stm32f4xx_hal_tim.o(i.TIM_Base_SetConfig)
    TIM_CCxChannelCmd                        0x080027f5   Thumb Code    26  stm32f4xx_hal_tim.o(i.TIM_CCxChannelCmd)
    TIM_ETR_SetConfig                        0x0800280f   Thumb Code    20  stm32f4xx_hal_tim.o(i.TIM_ETR_SetConfig)
    TIM_OC2_SetConfig                        0x08002895   Thumb Code    98  stm32f4xx_hal_tim.o(i.TIM_OC2_SetConfig)
    UART_Start_Receive_IT                    0x08002c29   Thumb Code    54  stm32f4xx_hal_uart.o(i.UART_Start_Receive_IT)
    USART2_IRQHandler                        0x08002cd1   Thumb Code     6  stm32f4xx_it.o(i.USART2_IRQHandler)
    UsageFault_Handler                       0x08002cdd   Thumb Code     2  stm32f4xx_it.o(i.UsageFault_Handler)
    __hardfp_fabs                            0x08002cff   Thumb Code    20  fabs.o(i.__hardfp_fabs)
    key_loop                                 0x08002d15   Thumb Code   194  key.o(i.key_loop)
    main                                     0x08002ddd   Thumb Code   106  main.o(i.main)
    pwm_out                                  0x08002e55   Thumb Code    92  servo.o(i.pwm_out)
    pwm_start                                0x08002ec1   Thumb Code    30  servo.o(i.pwm_start)
    servo_control                            0x08002ee5   Thumb Code   544  servo.o(i.servo_control)
    servo_pid                                0x08003119   Thumb Code   920  servo.o(i.servo_pid)
    servo_reset                              0x08003529   Thumb Code    40  servo.o(i.servo_reset)
    translate_angle_to_pulse                 0x0800355d   Thumb Code   126  servo.o(i.translate_angle_to_pulse)
    __aeabi_d2f                              0x080035f9   Thumb Code     0  d2f.o(x$fpl$d2f)
    _d2f                                     0x080035f9   Thumb Code    98  d2f.o(x$fpl$d2f)
    __aeabi_dadd                             0x0800365d   Thumb Code     0  daddsub_clz.o(x$fpl$dadd)
    _dadd                                    0x0800365d   Thumb Code   332  daddsub_clz.o(x$fpl$dadd)
    __fpl_dcmp_Inf                           0x080037ad   Thumb Code    24  dcmpi.o(x$fpl$dcmpinf)
    __aeabi_ddiv                             0x080037c5   Thumb Code     0  ddiv.o(x$fpl$ddiv)
    _ddiv                                    0x080037c5   Thumb Code   552  ddiv.o(x$fpl$ddiv)
    __aeabi_cdcmpeq                          0x08003a75   Thumb Code     0  deqf.o(x$fpl$deqf)
    _dcmpeq                                  0x08003a75   Thumb Code   120  deqf.o(x$fpl$deqf)
    __aeabi_d2iz                             0x08003aed   Thumb Code     0  dfix.o(x$fpl$dfix)
    _dfix                                    0x08003aed   Thumb Code    94  dfix.o(x$fpl$dfix)
    __aeabi_d2uiz                            0x08003b4d   Thumb Code     0  dfixu.o(x$fpl$dfixu)
    _dfixu                                   0x08003b4d   Thumb Code    90  dfixu.o(x$fpl$dfixu)
    __aeabi_cdcmple                          0x08003ba9   Thumb Code     0  dleqf.o(x$fpl$dleqf)
    _dcmple                                  0x08003ba9   Thumb Code   120  dleqf.o(x$fpl$dleqf)
    __fpl_dcmple_InfNaN                      0x08003c0b   Thumb Code     0  dleqf.o(x$fpl$dleqf)
    __aeabi_dmul                             0x08003c21   Thumb Code     0  dmul.o(x$fpl$dmul)
    _dmul                                    0x08003c21   Thumb Code   332  dmul.o(x$fpl$dmul)
    __fpl_dnaninf                            0x08003d75   Thumb Code   156  dnaninf.o(x$fpl$dnaninf)
    __fpl_dretinf                            0x08003e11   Thumb Code    12  dretinf.o(x$fpl$dretinf)
    __aeabi_cdrcmple                         0x08003e1d   Thumb Code     0  drleqf.o(x$fpl$drleqf)
    _drcmple                                 0x08003e1d   Thumb Code   108  drleqf.o(x$fpl$drleqf)
    __aeabi_drsub                            0x08003e89   Thumb Code     0  daddsub_clz.o(x$fpl$drsb)
    _drsb                                    0x08003e89   Thumb Code    22  daddsub_clz.o(x$fpl$drsb)
    __aeabi_dsub                             0x08003ea1   Thumb Code     0  daddsub_clz.o(x$fpl$dsub)
    _dsub                                    0x08003ea1   Thumb Code   464  daddsub_clz.o(x$fpl$dsub)
    __aeabi_f2d                              0x08004075   Thumb Code     0  f2d.o(x$fpl$f2d)
    _f2d                                     0x08004075   Thumb Code    86  f2d.o(x$fpl$f2d)
    __fpl_fnaninf                            0x080040cb   Thumb Code   140  fnaninf.o(x$fpl$fnaninf)
    _fp_init                                 0x08004157   Thumb Code    10  fpinit.o(x$fpl$fpinit)
    __fplib_config_fpu_vfp                   0x0800415f   Thumb Code     0  fpinit.o(x$fpl$fpinit)
    __fplib_config_pureend_doubles           0x0800415f   Thumb Code     0  fpinit.o(x$fpl$fpinit)
    __fpl_fretinf                            0x08004161   Thumb Code    10  fretinf.o(x$fpl$fretinf)
    AHBPrescTable                            0x0800416a   Data          16  system_stm32f4xx.o(.constdata)
    __I$use$fp                               0x0800416a   Number         0  usenofp.o(x$fpl$usenofp)
    APBPrescTable                            0x0800417a   Data           8  system_stm32f4xx.o(.constdata)
    Region$$Table$$Base                      0x08004184   Number         0  anon$$obj.o(Region$$Table)
    Region$$Table$$Limit                     0x080041a4   Number         0  anon$$obj.o(Region$$Table)
    rx_flag                                  0x20000000   Data           1  main.o(.data)
    key_num                                  0x20000001   Data           1  main.o(.data)
    test4_AIMOVE                             0x20000002   Data           1  main.o(.data)
    test4_move                               0x20000003   Data           1  main.o(.data)
    test5_AIMOVE                             0x20000004   Data           1  main.o(.data)
    test5_move                               0x20000005   Data           1  main.o(.data)
    test5_start                              0x20000006   Data           1  main.o(.data)
    LED_FLAG                                 0x20000007   Data           1  main.o(.data)
    time_flag                                0x20000008   Data           1  main.o(.data)
    count_1ms                                0x2000000a   Data           2  main.o(.data)
    count_10ms                               0x2000000c   Data           2  main.o(.data)
    count_1s                                 0x2000000e   Data           2  main.o(.data)
    count_25ms                               0x20000010   Data           2  main.o(.data)
    count_200ms                              0x20000012   Data           2  main.o(.data)
    rx_buf                                   0x20000014   Data           6  main.o(.data)
    uwTickFreq                               0x2000001c   Data           1  stm32f4xx_hal.o(.data)
    uwTickPrio                               0x20000020   Data           4  stm32f4xx_hal.o(.data)
    uwTick                                   0x20000024   Data           4  stm32f4xx_hal.o(.data)
    SystemCoreClock                          0x20000028   Data           4  system_stm32f4xx.o(.data)
    key                                      0x2000002e   Data           1  key.o(.data)
    CMD_Data                                 0x2000002f   Data          23  oled.o(.data)
    PWM1_OUT                                 0x20000054   Data           4  servo.o(.data)
    PWM2_OUT                                 0x20000058   Data           4  servo.o(.data)
    NOW_PWM1                                 0x2000005c   Data           4  servo.o(.data)
    NOW_PWM2                                 0x20000060   Data           4  servo.o(.data)
    now_angle_1                              0x20000070   Data           8  servo.o(.data)
    now_angle_2                              0x20000078   Data           8  servo.o(.data)
    angle1_out                               0x20000080   Data           8  servo.o(.data)
    angle2_out                               0x20000088   Data           8  servo.o(.data)
    abs_angle_error_1                        0x20000090   Data           8  servo.o(.data)
    abs_angle_error_2                        0x20000098   Data           8  servo.o(.data)
    pulse_1                                  0x200000a0   Data           8  servo.o(.data)
    pulse_2                                  0x200000a8   Data           8  servo.o(.data)
    hi2c1                                    0x200000b0   Data          84  i2c.o(.bss)
    htim1                                    0x20000104   Data          72  tim.o(.bss)
    htim2                                    0x2000014c   Data          72  tim.o(.bss)
    htim3                                    0x20000194   Data          72  tim.o(.bss)
    huart1                                   0x200001dc   Data          72  usart.o(.bss)
    huart2                                   0x20000224   Data          72  usart.o(.bss)
    __libspace_start                         0x2000026c   Data          96  libspace.o(.bss)
    __temporary_stack_top$libspace           0x200002cc   Data           0  libspace.o(.bss)



==============================================================================

Memory Map of the image

  Image Entry point : 0x08000189

  Load Region LR_IROM1 (Base: 0x08000000, Size: 0x00004254, Max: 0x00100000, ABSOLUTE)

    Execution Region ER_IROM1 (Exec base: 0x08000000, Load base: 0x08000000, Size: 0x000041a4, Max: 0x00100000, ABSOLUTE)

    Exec Addr    Load Addr    Size         Type   Attr      Idx    E Section Name        Object

    0x08000000   0x08000000   0x00000188   Data   RO            3    RESET               startup_stm32f4xx.o
    0x08000188   0x08000188   0x00000008   Code   RO         3961  * !!!main             c_w.l(__main.o)
    0x08000190   0x08000190   0x00000034   Code   RO         4450    !!!scatter          c_w.l(__scatter.o)
    0x080001c4   0x080001c4   0x0000001a   Code   RO         4452    !!handler_copy      c_w.l(__scatter_copy.o)
    0x080001de   0x080001de   0x00000002   PAD
    0x080001e0   0x080001e0   0x0000001c   Code   RO         4454    !!handler_zi        c_w.l(__scatter_zi.o)
    0x080001fc   0x080001fc   0x00000002   Code   RO         4245    .ARM.Collect$$libinit$$00000000  c_w.l(libinit.o)
    0x080001fe   0x080001fe   0x00000004   Code   RO         4246    .ARM.Collect$$libinit$$00000001  c_w.l(libinit2.o)
    0x08000202   0x08000202   0x00000000   Code   RO         4249    .ARM.Collect$$libinit$$00000004  c_w.l(libinit2.o)
    0x08000202   0x08000202   0x00000000   Code   RO         4252    .ARM.Collect$$libinit$$0000000A  c_w.l(libinit2.o)
    0x08000202   0x08000202   0x00000000   Code   RO         4254    .ARM.Collect$$libinit$$0000000C  c_w.l(libinit2.o)
    0x08000202   0x08000202   0x00000000   Code   RO         4256    .ARM.Collect$$libinit$$0000000E  c_w.l(libinit2.o)
    0x08000202   0x08000202   0x00000000   Code   RO         4259    .ARM.Collect$$libinit$$00000011  c_w.l(libinit2.o)
    0x08000202   0x08000202   0x00000000   Code   RO         4261    .ARM.Collect$$libinit$$00000013  c_w.l(libinit2.o)
    0x08000202   0x08000202   0x00000000   Code   RO         4263    .ARM.Collect$$libinit$$00000015  c_w.l(libinit2.o)
    0x08000202   0x08000202   0x00000000   Code   RO         4265    .ARM.Collect$$libinit$$00000017  c_w.l(libinit2.o)
    0x08000202   0x08000202   0x00000000   Code   RO         4267    .ARM.Collect$$libinit$$00000019  c_w.l(libinit2.o)
    0x08000202   0x08000202   0x00000000   Code   RO         4269    .ARM.Collect$$libinit$$0000001B  c_w.l(libinit2.o)
    0x08000202   0x08000202   0x00000000   Code   RO         4271    .ARM.Collect$$libinit$$0000001D  c_w.l(libinit2.o)
    0x08000202   0x08000202   0x00000000   Code   RO         4273    .ARM.Collect$$libinit$$0000001F  c_w.l(libinit2.o)
    0x08000202   0x08000202   0x00000000   Code   RO         4275    .ARM.Collect$$libinit$$00000021  c_w.l(libinit2.o)
    0x08000202   0x08000202   0x00000000   Code   RO         4277    .ARM.Collect$$libinit$$00000023  c_w.l(libinit2.o)
    0x08000202   0x08000202   0x00000000   Code   RO         4279    .ARM.Collect$$libinit$$00000025  c_w.l(libinit2.o)
    0x08000202   0x08000202   0x00000000   Code   RO         4283    .ARM.Collect$$libinit$$0000002C  c_w.l(libinit2.o)
    0x08000202   0x08000202   0x00000000   Code   RO         4285    .ARM.Collect$$libinit$$0000002E  c_w.l(libinit2.o)
    0x08000202   0x08000202   0x00000000   Code   RO         4287    .ARM.Collect$$libinit$$00000030  c_w.l(libinit2.o)
    0x08000202   0x08000202   0x00000000   Code   RO         4289    .ARM.Collect$$libinit$$00000032  c_w.l(libinit2.o)
    0x08000202   0x08000202   0x00000002   Code   RO         4290    .ARM.Collect$$libinit$$00000033  c_w.l(libinit2.o)
    0x08000204   0x08000204   0x00000002   Code   RO         4431    .ARM.Collect$$libshutdown$$00000000  c_w.l(libshutdown.o)
    0x08000206   0x08000206   0x00000000   Code   RO         4292    .ARM.Collect$$libshutdown$$00000002  c_w.l(libshutdown2.o)
    0x08000206   0x08000206   0x00000000   Code   RO         4294    .ARM.Collect$$libshutdown$$00000004  c_w.l(libshutdown2.o)
    0x08000206   0x08000206   0x00000000   Code   RO         4297    .ARM.Collect$$libshutdown$$00000007  c_w.l(libshutdown2.o)
    0x08000206   0x08000206   0x00000000   Code   RO         4300    .ARM.Collect$$libshutdown$$0000000A  c_w.l(libshutdown2.o)
    0x08000206   0x08000206   0x00000000   Code   RO         4302    .ARM.Collect$$libshutdown$$0000000C  c_w.l(libshutdown2.o)
    0x08000206   0x08000206   0x00000000   Code   RO         4305    .ARM.Collect$$libshutdown$$0000000F  c_w.l(libshutdown2.o)
    0x08000206   0x08000206   0x00000002   Code   RO         4306    .ARM.Collect$$libshutdown$$00000010  c_w.l(libshutdown2.o)
    0x08000208   0x08000208   0x00000000   Code   RO         4043    .ARM.Collect$$rtentry$$00000000  c_w.l(__rtentry.o)
    0x08000208   0x08000208   0x00000000   Code   RO         4108    .ARM.Collect$$rtentry$$00000002  c_w.l(__rtentry2.o)
    0x08000208   0x08000208   0x00000006   Code   RO         4120    .ARM.Collect$$rtentry$$00000004  c_w.l(__rtentry4.o)
    0x0800020e   0x0800020e   0x00000000   Code   RO         4110    .ARM.Collect$$rtentry$$00000009  c_w.l(__rtentry2.o)
    0x0800020e   0x0800020e   0x00000004   Code   RO         4111    .ARM.Collect$$rtentry$$0000000A  c_w.l(__rtentry2.o)
    0x08000212   0x08000212   0x00000000   Code   RO         4113    .ARM.Collect$$rtentry$$0000000C  c_w.l(__rtentry2.o)
    0x08000212   0x08000212   0x00000008   Code   RO         4114    .ARM.Collect$$rtentry$$0000000D  c_w.l(__rtentry2.o)
    0x0800021a   0x0800021a   0x00000002   Code   RO         4312    .ARM.Collect$$rtexit$$00000000  c_w.l(rtexit.o)
    0x0800021c   0x0800021c   0x00000000   Code   RO         4372    .ARM.Collect$$rtexit$$00000002  c_w.l(rtexit2.o)
    0x0800021c   0x0800021c   0x00000004   Code   RO         4373    .ARM.Collect$$rtexit$$00000003  c_w.l(rtexit2.o)
    0x08000220   0x08000220   0x00000006   Code   RO         4374    .ARM.Collect$$rtexit$$00000004  c_w.l(rtexit2.o)
    0x08000226   0x08000226   0x00000002   PAD
    0x08000228   0x08000228   0x00000050   Code   RO            4    .text               startup_stm32f4xx.o
    0x08000278   0x08000278   0x000000ee   Code   RO         3925    .text               c_w.l(lludivv7m.o)
    0x08000366   0x08000366   0x0000004e   Code   RO         3957    .text               c_w.l(rt_memclr_w.o)
    0x080003b4   0x080003b4   0x00000006   Code   RO         3959    .text               c_w.l(heapauxi.o)
    0x080003ba   0x080003ba   0x00000002   PAD
    0x080003bc   0x080003bc   0x00000008   Code   RO         4152    .text               c_w.l(libspace.o)
    0x080003c4   0x080003c4   0x0000004a   Code   RO         4157    .text               c_w.l(sys_stackheap_outer.o)
    0x0800040e   0x0800040e   0x00000012   Code   RO         4230    .text               c_w.l(exit.o)
    0x08000420   0x08000420   0x00000002   Code   RO         4309    .text               c_w.l(use_no_semi.o)
    0x08000422   0x08000422   0x00000000   Code   RO         4311    .text               c_w.l(indicate_semi.o)
    0x08000422   0x08000422   0x00000002   PAD
    0x08000424   0x08000424   0x0000000c   Code   RO         4369    .text               c_w.l(sys_exit.o)
    0x08000430   0x08000430   0x00000002   Code   RO          413    i.BusFault_Handler  stm32f4xx_it.o
    0x08000432   0x08000432   0x00000002   Code   RO          414    i.DebugMon_Handler  stm32f4xx_it.o
    0x08000434   0x08000434   0x00000004   Code   RO           13    i.Error_Handler     main.o
    0x08000438   0x08000438   0x00000092   Code   RO         1442    i.HAL_DMA_Abort     stm32f4xx_hal_dma.o
    0x080004ca   0x080004ca   0x00000024   Code   RO         1443    i.HAL_DMA_Abort_IT  stm32f4xx_hal_dma.o
    0x080004ee   0x080004ee   0x00000002   PAD
    0x080004f0   0x080004f0   0x00000024   Code   RO         1879    i.HAL_Delay         stm32f4xx_hal.o
    0x08000514   0x08000514   0x000001f0   Code   RO         1335    i.HAL_GPIO_Init     stm32f4xx_hal_gpio.o
    0x08000704   0x08000704   0x0000000a   Code   RO         1337    i.HAL_GPIO_ReadPin  stm32f4xx_hal_gpio.o
    0x0800070e   0x0800070e   0x00000010   Code   RO         1338    i.HAL_GPIO_TogglePin  stm32f4xx_hal_gpio.o
    0x0800071e   0x0800071e   0x0000000a   Code   RO         1339    i.HAL_GPIO_WritePin  stm32f4xx_hal_gpio.o
    0x08000728   0x08000728   0x0000000c   Code   RO         1885    i.HAL_GetTick       stm32f4xx_hal.o
    0x08000734   0x08000734   0x00000188   Code   RO          536    i.HAL_I2C_Init      stm32f4xx_hal_i2c.o
    0x080008bc   0x080008bc   0x00000130   Code   RO          557    i.HAL_I2C_Mem_Write  stm32f4xx_hal_i2c.o
    0x080009ec   0x080009ec   0x00000068   Code   RO          264    i.HAL_I2C_MspInit   i2c.o
    0x08000a54   0x08000a54   0x00000010   Code   RO         1891    i.HAL_IncTick       stm32f4xx_hal.o
    0x08000a64   0x08000a64   0x00000034   Code   RO         1892    i.HAL_Init          stm32f4xx_hal.o
    0x08000a98   0x08000a98   0x00000040   Code   RO         1893    i.HAL_InitTick      stm32f4xx_hal.o
    0x08000ad8   0x08000ad8   0x00000030   Code   RO          501    i.HAL_MspInit       stm32f4xx_hal_msp.o
    0x08000b08   0x08000b08   0x0000001a   Code   RO         1727    i.HAL_NVIC_EnableIRQ  stm32f4xx_hal_cortex.o
    0x08000b22   0x08000b22   0x00000002   PAD
    0x08000b24   0x08000b24   0x00000040   Code   RO         1733    i.HAL_NVIC_SetPriority  stm32f4xx_hal_cortex.o
    0x08000b64   0x08000b64   0x00000024   Code   RO         1734    i.HAL_NVIC_SetPriorityGrouping  stm32f4xx_hal_cortex.o
    0x08000b88   0x08000b88   0x00000134   Code   RO          981    i.HAL_RCC_ClockConfig  stm32f4xx_hal_rcc.o
    0x08000cbc   0x08000cbc   0x00000020   Code   RO          988    i.HAL_RCC_GetPCLK1Freq  stm32f4xx_hal_rcc.o
    0x08000cdc   0x08000cdc   0x00000020   Code   RO          989    i.HAL_RCC_GetPCLK2Freq  stm32f4xx_hal_rcc.o
    0x08000cfc   0x08000cfc   0x00000060   Code   RO          990    i.HAL_RCC_GetSysClockFreq  stm32f4xx_hal_rcc.o
    0x08000d5c   0x08000d5c   0x0000036c   Code   RO          993    i.HAL_RCC_OscConfig  stm32f4xx_hal_rcc.o
    0x080010c8   0x080010c8   0x00000028   Code   RO         1738    i.HAL_SYSTICK_Config  stm32f4xx_hal_cortex.o
    0x080010f0   0x080010f0   0x00000002   Code   RO         2836    i.HAL_TIMEx_BreakCallback  stm32f4xx_hal_tim_ex.o
    0x080010f2   0x080010f2   0x00000002   Code   RO         2837    i.HAL_TIMEx_CommutCallback  stm32f4xx_hal_tim_ex.o
    0x080010f4   0x080010f4   0x00000090   Code   RO         2855    i.HAL_TIMEx_MasterConfigSynchronization  stm32f4xx_hal_tim_ex.o
    0x08001184   0x08001184   0x0000005a   Code   RO         2132    i.HAL_TIM_Base_Init  stm32f4xx_hal_tim.o
    0x080011de   0x080011de   0x00000002   PAD
    0x080011e0   0x080011e0   0x00000070   Code   RO          306    i.HAL_TIM_Base_MspInit  tim.o
    0x08001250   0x08001250   0x00000080   Code   RO         2137    i.HAL_TIM_Base_Start_IT  stm32f4xx_hal_tim.o
    0x080012d0   0x080012d0   0x000000dc   Code   RO         2141    i.HAL_TIM_ConfigClockSource  stm32f4xx_hal_tim.o
    0x080013ac   0x080013ac   0x00000002   Code   RO         2166    i.HAL_TIM_IC_CaptureCallback  stm32f4xx_hal_tim.o
    0x080013ae   0x080013ae   0x00000130   Code   RO         2180    i.HAL_TIM_IRQHandler  stm32f4xx_hal_tim.o
    0x080014de   0x080014de   0x00000002   PAD
    0x080014e0   0x080014e0   0x000000a4   Code   RO          307    i.HAL_TIM_MspPostInit  tim.o
    0x08001584   0x08001584   0x00000002   Code   RO         2183    i.HAL_TIM_OC_DelayElapsedCallback  stm32f4xx_hal_tim.o
    0x08001586   0x08001586   0x000000cc   Code   RO         2204    i.HAL_TIM_PWM_ConfigChannel  stm32f4xx_hal_tim.o
    0x08001652   0x08001652   0x0000005a   Code   RO         2207    i.HAL_TIM_PWM_Init  stm32f4xx_hal_tim.o
    0x080016ac   0x080016ac   0x00000002   Code   RO         2209    i.HAL_TIM_PWM_MspInit  stm32f4xx_hal_tim.o
    0x080016ae   0x080016ae   0x00000002   Code   RO         2210    i.HAL_TIM_PWM_PulseFinishedCallback  stm32f4xx_hal_tim.o
    0x080016b0   0x080016b0   0x000000c8   Code   RO         2212    i.HAL_TIM_PWM_Start  stm32f4xx_hal_tim.o
    0x08001778   0x08001778   0x000000d4   Code   RO           14    i.HAL_TIM_PeriodElapsedCallback  main.o
    0x0800184c   0x0800184c   0x00000002   Code   RO         2223    i.HAL_TIM_TriggerCallback  stm32f4xx_hal_tim.o
    0x0800184e   0x0800184e   0x00000002   Code   RO         3115    i.HAL_UARTEx_RxEventCallback  stm32f4xx_hal_uart.o
    0x08001850   0x08001850   0x00000002   Code   RO         3129    i.HAL_UART_ErrorCallback  stm32f4xx_hal_uart.o
    0x08001852   0x08001852   0x00000002   PAD
    0x08001854   0x08001854   0x00000280   Code   RO         3132    i.HAL_UART_IRQHandler  stm32f4xx_hal_uart.o
    0x08001ad4   0x08001ad4   0x00000064   Code   RO         3133    i.HAL_UART_Init     stm32f4xx_hal_uart.o
    0x08001b38   0x08001b38   0x000000c0   Code   RO          366    i.HAL_UART_MspInit  usart.o
    0x08001bf8   0x08001bf8   0x0000001c   Code   RO         3138    i.HAL_UART_Receive_IT  stm32f4xx_hal_uart.o
    0x08001c14   0x08001c14   0x00000030   Code   RO           15    i.HAL_UART_RxCpltCallback  main.o
    0x08001c44   0x08001c44   0x000000a0   Code   RO         3141    i.HAL_UART_Transmit  stm32f4xx_hal_uart.o
    0x08001ce4   0x08001ce4   0x00000002   Code   RO         3144    i.HAL_UART_TxCpltCallback  stm32f4xx_hal_uart.o
    0x08001ce6   0x08001ce6   0x00000002   Code   RO          415    i.HardFault_Handler  stm32f4xx_it.o
    0x08001ce8   0x08001ce8   0x0000002e   Code   RO          579    i.I2C_IsAcknowledgeFailed  stm32f4xx_hal_i2c.o
    0x08001d16   0x08001d16   0x00000002   PAD
    0x08001d18   0x08001d18   0x000000a8   Code   RO          590    i.I2C_RequestMemoryWrite  stm32f4xx_hal_i2c.o
    0x08001dc0   0x08001dc0   0x00000056   Code   RO          594    i.I2C_WaitOnBTFFlagUntilTimeout  stm32f4xx_hal_i2c.o
    0x08001e16   0x08001e16   0x00000002   PAD
    0x08001e18   0x08001e18   0x00000090   Code   RO          595    i.I2C_WaitOnFlagUntilTimeout  stm32f4xx_hal_i2c.o
    0x08001ea8   0x08001ea8   0x000000bc   Code   RO          596    i.I2C_WaitOnMasterAddressFlagUntilTimeout  stm32f4xx_hal_i2c.o
    0x08001f64   0x08001f64   0x00000056   Code   RO          598    i.I2C_WaitOnTXEFlagUntilTimeout  stm32f4xx_hal_i2c.o
    0x08001fba   0x08001fba   0x00000002   PAD
    0x08001fbc   0x08001fbc   0x00000240   Code   RO         3504    i.MATRIX_key        key.o
    0x080021fc   0x080021fc   0x00000128   Code   RO          239    i.MX_GPIO_Init      gpio.o
    0x08002324   0x08002324   0x00000040   Code   RO          265    i.MX_I2C1_Init      i2c.o
    0x08002364   0x08002364   0x00000068   Code   RO          308    i.MX_TIM1_Init      tim.o
    0x080023cc   0x080023cc   0x000000c8   Code   RO          309    i.MX_TIM2_Init      tim.o
    0x08002494   0x08002494   0x000000c8   Code   RO          310    i.MX_TIM3_Init      tim.o
    0x0800255c   0x0800255c   0x00000038   Code   RO          367    i.MX_USART1_UART_Init  usart.o
    0x08002594   0x08002594   0x00000038   Code   RO          368    i.MX_USART2_UART_Init  usart.o
    0x080025cc   0x080025cc   0x00000002   Code   RO          416    i.MemManage_Handler  stm32f4xx_it.o
    0x080025ce   0x080025ce   0x00000002   Code   RO          417    i.NMI_Handler       stm32f4xx_it.o
    0x080025d0   0x080025d0   0x00000034   Code   RO         3537    i.OLED_Clear        oled.o
    0x08002604   0x08002604   0x00000020   Code   RO         3543    i.OLED_Init         oled.o
    0x08002624   0x08002624   0x00000024   Code   RO         3554    i.OLED_WR_CMD       oled.o
    0x08002648   0x08002648   0x00000024   Code   RO         3555    i.OLED_WR_DATA      oled.o
    0x0800266c   0x0800266c   0x00000002   Code   RO          418    i.PendSV_Handler    stm32f4xx_it.o
    0x0800266e   0x0800266e   0x00000002   Code   RO          419    i.SVC_Handler       stm32f4xx_it.o
    0x08002670   0x08002670   0x00000004   Code   RO          420    i.SysTick_Handler   stm32f4xx_it.o
    0x08002674   0x08002674   0x00000094   Code   RO           16    i.SystemClock_Config  main.o
    0x08002708   0x08002708   0x00000010   Code   RO         3467    i.SystemInit        system_stm32f4xx.o
    0x08002718   0x08002718   0x0000000c   Code   RO          421    i.TIM1_UP_TIM10_IRQHandler  stm32f4xx_it.o
    0x08002724   0x08002724   0x000000d0   Code   RO         2225    i.TIM_Base_SetConfig  stm32f4xx_hal_tim.o
    0x080027f4   0x080027f4   0x0000001a   Code   RO         2226    i.TIM_CCxChannelCmd  stm32f4xx_hal_tim.o
    0x0800280e   0x0800280e   0x00000014   Code   RO         2236    i.TIM_ETR_SetConfig  stm32f4xx_hal_tim.o
    0x08002822   0x08002822   0x00000010   Code   RO         2237    i.TIM_ITRx_SetConfig  stm32f4xx_hal_tim.o
    0x08002832   0x08002832   0x00000002   PAD
    0x08002834   0x08002834   0x00000060   Code   RO         2238    i.TIM_OC1_SetConfig  stm32f4xx_hal_tim.o
    0x08002894   0x08002894   0x0000006c   Code   RO         2239    i.TIM_OC2_SetConfig  stm32f4xx_hal_tim.o
    0x08002900   0x08002900   0x00000068   Code   RO         2240    i.TIM_OC3_SetConfig  stm32f4xx_hal_tim.o
    0x08002968   0x08002968   0x00000050   Code   RO         2241    i.TIM_OC4_SetConfig  stm32f4xx_hal_tim.o
    0x080029b8   0x080029b8   0x00000022   Code   RO         2243    i.TIM_TI1_ConfigInputStage  stm32f4xx_hal_tim.o
    0x080029da   0x080029da   0x00000024   Code   RO         2245    i.TIM_TI2_ConfigInputStage  stm32f4xx_hal_tim.o
    0x080029fe   0x080029fe   0x0000000e   Code   RO         3146    i.UART_DMAAbortOnError  stm32f4xx_hal_uart.o
    0x08002a0c   0x08002a0c   0x0000004e   Code   RO         3156    i.UART_EndRxTransfer  stm32f4xx_hal_uart.o
    0x08002a5a   0x08002a5a   0x000000c2   Code   RO         3158    i.UART_Receive_IT   stm32f4xx_hal_uart.o
    0x08002b1c   0x08002b1c   0x0000010c   Code   RO         3159    i.UART_SetConfig    stm32f4xx_hal_uart.o
    0x08002c28   0x08002c28   0x00000036   Code   RO         3161    i.UART_Start_Receive_IT  stm32f4xx_hal_uart.o
    0x08002c5e   0x08002c5e   0x00000072   Code   RO         3162    i.UART_WaitOnFlagUntilTimeout  stm32f4xx_hal_uart.o
    0x08002cd0   0x08002cd0   0x0000000c   Code   RO          422    i.USART2_IRQHandler  stm32f4xx_it.o
    0x08002cdc   0x08002cdc   0x00000002   Code   RO          423    i.UsageFault_Handler  stm32f4xx_it.o
    0x08002cde   0x08002cde   0x00000020   Code   RO         1740    i.__NVIC_SetPriority  stm32f4xx_hal_cortex.o
    0x08002cfe   0x08002cfe   0x00000014   Code   RO         4025    i.__hardfp_fabs     m_wm.l(fabs.o)
    0x08002d12   0x08002d12   0x00000002   PAD
    0x08002d14   0x08002d14   0x000000c8   Code   RO         3505    i.key_loop          key.o
    0x08002ddc   0x08002ddc   0x00000078   Code   RO           17    i.main              main.o
    0x08002e54   0x08002e54   0x0000006c   Code   RO         3702    i.pwm_out           servo.o
    0x08002ec0   0x08002ec0   0x00000024   Code   RO         3703    i.pwm_start         servo.o
    0x08002ee4   0x08002ee4   0x00000234   Code   RO         3705    i.servo_control     servo.o
    0x08003118   0x08003118   0x00000410   Code   RO         3706    i.servo_pid         servo.o
    0x08003528   0x08003528   0x00000034   Code   RO         3707    i.servo_reset       servo.o
    0x0800355c   0x0800355c   0x0000009c   Code   RO         3710    i.translate_angle_to_pulse  servo.o
    0x080035f8   0x080035f8   0x00000062   Code   RO         3963    x$fpl$d2f           fz_wm.l(d2f.o)
    0x0800365a   0x0800365a   0x00000002   PAD
    0x0800365c   0x0800365c   0x00000150   Code   RO         3965    x$fpl$dadd          fz_wm.l(daddsub_clz.o)
    0x080037ac   0x080037ac   0x00000018   Code   RO         4063    x$fpl$dcmpinf       fz_wm.l(dcmpi.o)
    0x080037c4   0x080037c4   0x000002b0   Code   RO         3972    x$fpl$ddiv          fz_wm.l(ddiv.o)
    0x08003a74   0x08003a74   0x00000078   Code   RO         3975    x$fpl$deqf          fz_wm.l(deqf.o)
    0x08003aec   0x08003aec   0x0000005e   Code   RO         3977    x$fpl$dfix          fz_wm.l(dfix.o)
    0x08003b4a   0x08003b4a   0x00000002   PAD
    0x08003b4c   0x08003b4c   0x0000005a   Code   RO         3981    x$fpl$dfixu         fz_wm.l(dfixu.o)
    0x08003ba6   0x08003ba6   0x00000002   PAD
    0x08003ba8   0x08003ba8   0x00000078   Code   RO         3991    x$fpl$dleqf         fz_wm.l(dleqf.o)
    0x08003c20   0x08003c20   0x00000154   Code   RO         3993    x$fpl$dmul          fz_wm.l(dmul.o)
    0x08003d74   0x08003d74   0x0000009c   Code   RO         4065    x$fpl$dnaninf       fz_wm.l(dnaninf.o)
    0x08003e10   0x08003e10   0x0000000c   Code   RO         4067    x$fpl$dretinf       fz_wm.l(dretinf.o)
    0x08003e1c   0x08003e1c   0x0000006c   Code   RO         3995    x$fpl$drleqf        fz_wm.l(drleqf.o)
    0x08003e88   0x08003e88   0x00000016   Code   RO         3966    x$fpl$drsb          fz_wm.l(daddsub_clz.o)
    0x08003e9e   0x08003e9e   0x00000002   PAD
    0x08003ea0   0x08003ea0   0x000001d4   Code   RO         3967    x$fpl$dsub          fz_wm.l(daddsub_clz.o)
    0x08004074   0x08004074   0x00000056   Code   RO         3997    x$fpl$f2d           fz_wm.l(f2d.o)
    0x080040ca   0x080040ca   0x0000008c   Code   RO         4071    x$fpl$fnaninf       fz_wm.l(fnaninf.o)
    0x08004156   0x08004156   0x0000000a   Code   RO         4367    x$fpl$fpinit        fz_wm.l(fpinit.o)
    0x08004160   0x08004160   0x0000000a   Code   RO         4073    x$fpl$fretinf       fz_wm.l(fretinf.o)
    0x0800416a   0x0800416a   0x00000000   Code   RO         4075    x$fpl$usenofp       fz_wm.l(usenofp.o)
    0x0800416a   0x0800416a   0x00000010   Data   RO         3468    .constdata          system_stm32f4xx.o
    0x0800417a   0x0800417a   0x00000008   Data   RO         3469    .constdata          system_stm32f4xx.o
    0x08004182   0x08004182   0x00000002   PAD
    0x08004184   0x08004184   0x00000020   Data   RO         4448    Region$$Table       anon$$obj.o


    Execution Region RW_IRAM2 (Exec base: 0x10000000, Load base: 0x08004254, Size: 0x00000000, Max: 0x00010000, ABSOLUTE)

    **** No section assigned to this execution region ****


    Execution Region RW_IRAM1 (Exec base: 0x20000000, Load base: 0x080041a4, Size: 0x000008d0, Max: 0x00020000, ABSOLUTE)

    Exec Addr    Load Addr    Size         Type   Attr      Idx    E Section Name        Object

    0x20000000   0x080041a4   0x0000001a   Data   RW           22    .data               main.o
    0x2000001a   0x080041be   0x00000002   PAD
    0x2000001c   0x080041c0   0x0000000c   Data   RW         1899    .data               stm32f4xx_hal.o
    0x20000028   0x080041cc   0x00000004   Data   RW         3470    .data               system_stm32f4xx.o
    0x2000002c   0x080041d0   0x00000003   Data   RW         3506    .data               key.o
    0x2000002f   0x080041d3   0x00000017   Data   RW         3557    .data               oled.o
    0x20000046   0x080041ea   0x00000002   PAD
    0x20000048   0x080041ec   0x00000068   Data   RW         3711    .data               servo.o
    0x200000b0        -       0x00000054   Zero   RW          266    .bss                i2c.o
    0x20000104        -       0x000000d8   Zero   RW          311    .bss                tim.o
    0x200001dc        -       0x00000090   Zero   RW          369    .bss                usart.o
    0x2000026c        -       0x00000060   Zero   RW         4153    .bss                c_w.l(libspace.o)
    0x200002cc   0x08004254   0x00000004   PAD
    0x200002d0        -       0x00000200   Zero   RW            2    HEAP                startup_stm32f4xx.o
    0x200004d0        -       0x00000400   Zero   RW            1    STACK               startup_stm32f4xx.o


==============================================================================

Image component sizes


      Code (inc. data)   RO Data    RW Data    ZI Data      Debug   Object Name

       296         20          0          0          0       1119   gpio.o
       168         26          0          0         84       1741   i2c.o
       776         22          0          3          0       1866   key.o
       532         50          0         26          0     704772   main.o
       156         12          0         23          0       2861   oled.o
      1956        204          0        104          0       6182   servo.o
        80         32        392          0       1536        872   startup_stm32f4xx.o
       180         28          0         12          0       9537   stm32f4xx_hal.o
       198         14          0          0          0      33915   stm32f4xx_hal_cortex.o
       182          0          0          0          0       2147   stm32f4xx_hal_dma.o
       532         46          0          0          0       3576   stm32f4xx_hal_gpio.o
      1414         32          0          0          0       9783   stm32f4xx_hal_i2c.o
        48          6          0          0          0        890   stm32f4xx_hal_msp.o
      1344         72          0          0          0       5356   stm32f4xx_hal_rcc.o
      1974        136          0          0          0      17402   stm32f4xx_hal_tim.o
       148         28          0          0          0       2549   stm32f4xx_hal_tim_ex.o
      1656         14          0          0          0      11668   stm32f4xx_hal_uart.o
        44         12          0          0          0       5293   stm32f4xx_it.o
        16          4         24          4          0       1175   system_stm32f4xx.o
       780         54          0          0        216       4202   tim.o
       304         36          0          0        144       2519   usart.o

    ----------------------------------------------------------------------
     12802        848        450        176       1980     829425   Object Totals
         0          0         32          0          0          0   (incl. Generated)
        18          0          2          4          0          0   (incl. Padding)

    ----------------------------------------------------------------------

      Code (inc. data)   RO Data    RW Data    ZI Data      Debug   Library Member Name

         8          0          0          0          0         68   __main.o
         0          0          0          0          0          0   __rtentry.o
        12          0          0          0          0          0   __rtentry2.o
         6          0          0          0          0          0   __rtentry4.o
        52          8          0          0          0          0   __scatter.o
        26          0          0          0          0          0   __scatter_copy.o
        28          0          0          0          0          0   __scatter_zi.o
        18          0          0          0          0         80   exit.o
         6          0          0          0          0        152   heapauxi.o
         0          0          0          0          0          0   indicate_semi.o
         2          0          0          0          0          0   libinit.o
         6          0          0          0          0          0   libinit2.o
         2          0          0          0          0          0   libshutdown.o
         2          0          0          0          0          0   libshutdown2.o
         8          4          0          0         96         68   libspace.o
       238          0          0          0          0        100   lludivv7m.o
        78          0          0          0          0         80   rt_memclr_w.o
         2          0          0          0          0          0   rtexit.o
        10          0          0          0          0          0   rtexit2.o
        12          4          0          0          0         68   sys_exit.o
        74          0          0          0          0         80   sys_stackheap_outer.o
         2          0          0          0          0         68   use_no_semi.o
        98          4          0          0          0        140   d2f.o
       826         16          0          0          0        492   daddsub_clz.o
        24          0          0          0          0        116   dcmpi.o
       688        140          0          0          0        256   ddiv.o
       120          4          0          0          0        140   deqf.o
        94          4          0          0          0        140   dfix.o
        90          4          0          0          0        140   dfixu.o
       120          4          0          0          0        140   dleqf.o
       340         12          0          0          0        152   dmul.o
       156          4          0          0          0        140   dnaninf.o
        12          0          0          0          0        116   dretinf.o
       108          0          0          0          0        128   drleqf.o
        86          4          0          0          0        132   f2d.o
       140          4          0          0          0        132   fnaninf.o
        10          0          0          0          0        116   fpinit.o
        10          0          0          0          0        116   fretinf.o
         0          0          0          0          0          0   usenofp.o
        20          0          0          0          0        124   fabs.o

    ----------------------------------------------------------------------
      3552        216          0          0        100       3484   Library Totals
        18          0          0          0          4          0   (incl. Padding)

    ----------------------------------------------------------------------

      Code (inc. data)   RO Data    RW Data    ZI Data      Debug   Library Name

       592         16          0          0         96        764   c_w.l
      2922        200          0          0          0       2596   fz_wm.l
        20          0          0          0          0        124   m_wm.l

    ----------------------------------------------------------------------
      3552        216          0          0        100       3484   Library Totals

    ----------------------------------------------------------------------

==============================================================================


      Code (inc. data)   RO Data    RW Data    ZI Data      Debug   

     16354       1064        450        176       2080     820749   Grand Totals
     16354       1064        450        176       2080     820749   ELF Image Totals
     16354       1064        450        176          0          0   ROM Totals

==============================================================================

    Total RO  Size (Code + RO Data)                16804 (  16.41kB)
    Total RW  Size (RW Data + ZI Data)              2256 (   2.20kB)
    Total ROM Size (Code + RO Data + RW Data)      16980 (  16.58kB)

==============================================================================

